Archive member included because of file (symbol)

R:\fehqt\Proteus/EWL/lib/armv7e-m\libc.a(sprintf.o)
                              Libraries\FEHLCD.o (sprintf)
R:\fehqt\Proteus/EWL/lib/armv7e-m\libc.a(vsnprintf.o)
                              R:\fehqt\Proteus/EWL/lib/armv7e-m\libc.a(sprintf.o) (vsnprintf)
R:\fehqt\Proteus/EWL/lib/armv7e-m\libc.a(exit.o)
                              Startup\__arm_start.o (exit)
R:\fehqt\Proteus/EWL/lib/armv7e-m\libc.a(memcpy.o)
                              ..\classes/menu.o (memcpy)
R:\fehqt\Proteus/EWL/lib/armv7e-m\libc.a(memset.o)
                              Startup\__arm_start.o (memset)
R:\fehqt\Proteus/EWL/lib/armv7e-m\libc.a(printformat_.o)
                              (__pformatter_)
R:\fehqt\Proteus/EWL/lib/armv7e-m\libc.a(scanformat_.o)
                              (__sformatter)
R:\fehqt\Proteus/EWL/lib/armv7e-m\libc.a(ctype_aeabi.o)
                              R:\fehqt\Proteus/EWL/lib/armv7e-m\libc.a(scanformat_.o) (isspace)
R:\fehqt\Proteus/EWL/lib/armv7e-m\libc.a(__strtoul.o)
                              R:\fehqt\Proteus/EWL/lib/armv7e-m\libc.a(scanformat_.o) (__strtoul)
R:\fehqt\Proteus/EWL/lib/armv7e-m\libc.a(__filll_mem.o)
                              R:\fehqt\Proteus/EWL/lib/armv7e-m\libc.a(memset.o) (__fill_mem)
R:\fehqt\Proteus/EWL/lib/armv7e-m\libc.a(memchr.o)
                              R:\fehqt\Proteus/EWL/lib/armv7e-m\libc.a(printformat_.o) (memchr)
R:\fehqt\Proteus/EWL/lib/armv7e-m\libc.a(strchr.o)
                              R:\fehqt\Proteus/EWL/lib/armv7e-m\libc.a(printformat_.o) (strchr)
R:\fehqt\Proteus/EWL/lib/armv7e-m\libc.a(strlen.o)
                              R:\fehqt\Proteus/EWL/lib/armv7e-m\libc.a(printformat_.o) (strlen)
r:/fehqt/proteus/gcc/bin/../lib/gcc/arm-none-eabi/4.6.2/armv7e-m\libgcc.a(_arm_addsubdf3.o)
                              ..\drive/drive.o (__aeabi_dsub)
r:/fehqt/proteus/gcc/bin/../lib/gcc/arm-none-eabi/4.6.2/armv7e-m\libgcc.a(_arm_muldivdf3.o)
                              ..\drive/drive.o (__aeabi_dmul)
r:/fehqt/proteus/gcc/bin/../lib/gcc/arm-none-eabi/4.6.2/armv7e-m\libgcc.a(_arm_cmpdf2.o)
                              ..\drive/drive.o (__aeabi_dcmplt)
r:/fehqt/proteus/gcc/bin/../lib/gcc/arm-none-eabi/4.6.2/armv7e-m\libgcc.a(_arm_fixdfsi.o)
                              ..\other.o (__aeabi_d2iz)
r:/fehqt/proteus/gcc/bin/../lib/gcc/arm-none-eabi/4.6.2/armv7e-m\libgcc.a(_arm_fixunsdfsi.o)
                              Libraries\FEHUtility.o (__aeabi_d2uiz)
r:/fehqt/proteus/gcc/bin/../lib/gcc/arm-none-eabi/4.6.2/armv7e-m\libgcc.a(_arm_truncdfsf2.o)
                              ..\other.o (__aeabi_d2f)
r:/fehqt/proteus/gcc/bin/../lib/gcc/arm-none-eabi/4.6.2/armv7e-m\libgcc.a(_arm_addsubsf3.o)
                              ..\other.o (__aeabi_fsub)
r:/fehqt/proteus/gcc/bin/../lib/gcc/arm-none-eabi/4.6.2/armv7e-m\libgcc.a(_arm_muldivsf3.o)
                              Drivers\mcg.o (__aeabi_fmul)
r:/fehqt/proteus/gcc/bin/../lib/gcc/arm-none-eabi/4.6.2/armv7e-m\libgcc.a(_arm_cmpsf2.o)
                              Libraries\FEHServo.o (__aeabi_fcmpeq)
r:/fehqt/proteus/gcc/bin/../lib/gcc/arm-none-eabi/4.6.2/armv7e-m\libgcc.a(_arm_fixsfsi.o)
                              Libraries\FEHLCD.o (__aeabi_f2iz)
r:/fehqt/proteus/gcc/bin/../lib/gcc/arm-none-eabi/4.6.2/armv7e-m\libgcc.a(_arm_fixunssfsi.o)
                              Drivers\mcg.o (__aeabi_f2uiz)
R:\fehqt\Proteus/EWL/lib/armv7e-m\librt.a(gcc_ctor_dtor.o)
                              Startup\__arm_start.o (__init_cpp)
R:\fehqt\Proteus/EWL/lib/armv7e-m\librt.a(ROMCopy.o)
                              Startup\__arm_start.o (__copy_rom_sections_to_ram)
R:\fehqt\Proteus/EWL/lib/armv7e-m\librt.a(__arm_eabi_init.o)
                              R:\fehqt\Proteus/EWL/lib/armv7e-m\libc.a(exit.o) (__destroy_global_chain)
R:\fehqt\Proteus/EWL/lib/armv7e-m\librt.a(New.o)
                              Libraries\FEHIO.o (operator new(unsigned int))
r:/fehqt/proteus/gcc/bin/../lib/gcc/arm-none-eabi/4.6.2/../../../../arm-none-eabi/lib/armv7e-m\libsupc++.a(class_type_info.o)
                              R:\fehqt\Proteus/EWL/lib/armv7e-m\librt.a(New.o) (vtable for __cxxabiv1::__class_type_info)
r:/fehqt/proteus/gcc/bin/../lib/gcc/arm-none-eabi/4.6.2/../../../../arm-none-eabi/lib/armv7e-m\libsupc++.a(eh_alloc.o)
                              R:\fehqt\Proteus/EWL/lib/armv7e-m\librt.a(New.o) (__cxa_allocate_exception)
r:/fehqt/proteus/gcc/bin/../lib/gcc/arm-none-eabi/4.6.2/../../../../arm-none-eabi/lib/armv7e-m\libsupc++.a(eh_arm.o)
                              R:\fehqt\Proteus/EWL/lib/armv7e-m\librt.a(New.o) (__cxa_end_cleanup)
r:/fehqt/proteus/gcc/bin/../lib/gcc/arm-none-eabi/4.6.2/../../../../arm-none-eabi/lib/armv7e-m\libsupc++.a(eh_aux_runtime.o)
                              r:/fehqt/proteus/gcc/bin/../lib/gcc/arm-none-eabi/4.6.2/../../../../arm-none-eabi/lib/armv7e-m\libsupc++.a(eh_arm.o) (__cxa_bad_typeid)
[...]
Memory Configuration

Name             Origin             Length             Attributes
m_interrupts     0x0000c000         0x00000400         xr
m_cfmprotrom     0x0000c400         0x00000010         xr
m_text           0x0000c410         0x00073bf0         xr
m_data           0x1fff0400         0x0000fc00         xrw
m_data2          0x20000000         0x00010000         xrw
*default*        0x00000000         0xffffffff

Linker script and memory map

LOAD ..\main.o
LOAD ..\drive/drive.o
LOAD ..\classes/operation.o
LOAD ..\classes/movement.o
LOAD ..\classes/menu.o
LOAD ..\setup/menuSetup1.o
LOAD ..\setup/menuSetup2.o
LOAD ..\other.o
LOAD ..\drive/1_driveTimers.o
LOAD ..\drive/2_driveEncoders.o
LOAD ..\drive/3_driveLine.o
LOAD ..\drive/4_driveGeneral.o
LOAD ..\drive/5_driveRealRPS.o
LOAD ..\drive/6_driveRealRPSTurn.o
LOAD ..\RPS/2_RPScleaner.o
LOAD Startup\__arm_start.o
LOAD Startup\__arm_end.o
LOAD Startup\kinetis_sysinit.o
LOAD Libraries\FEHMotor.o
LOAD Drivers\mcg.o
LOAD Drivers\uart.o
LOAD Drivers\lptmr.o
LOAD FEHProteus.o
LOAD Drivers\FEHPropeller.o
LOAD Libraries\FEHUtility.o
LOAD Libraries\FEHIO.o
LOAD Drivers\adc16.o
LOAD Libraries\FEHBuzzer.o
LOAD Libraries\FEHServo.o
LOAD Libraries\FEHLCD.o
LOAD Libraries\FEHBattery.o
LOAD Drivers\FEHXBee.o
LOAD Libraries\FEHWONKA.o
                0x0001aed8                __pformatter = __pformatter_
                [0x0001b2d0]                __sformatter = __sformatter
LOAD R:\fehqt\Proteus/EWL/lib/armv7e-m\libstdc++.a
LOAD R:\fehqt\Proteus/EWL/lib/armv7e-m\libm.a
START GROUP
LOAD R:\fehqt\Proteus/EWL/lib/armv7e-m\libc.a
LOAD R:\fehqt\Proteus/EWL/lib/armv7e-m\libc++.a
LOAD R:\fehqt\Proteus/EWL/lib/armv7e-m\libm.a
LOAD r:/fehqt/proteus/gcc/bin/../lib/gcc/arm-none-eabi/4.6.2/armv7e-m\libgcc.a
LOAD R:\fehqt\Proteus/EWL/lib/armv7e-m\librt.a
LOAD r:/fehqt/proteus/gcc/bin/../lib/gcc/arm-none-eabi/4.6.2/../../../../arm-none-eabi/lib/armv7e-m\libsupc++.a
END GROUP
                0x20000000                _estack = 0x20000000
                0x20000000                __SP_INIT = _estack
                0x00000800                __heap_size = 0x800
                0x00000800                __stack_size = 0x800

.interrupts     0x0000c000      0x1e0
                0x0000c000                __vector_table = .
                0x0000c000                . = ALIGN (0x4)
 *(.vectortable)
 .vectortable   0x0000c000      0x1e0 Startup\kinetis_sysinit.o
                0x0000c1e0                . = ALIGN (0x4)

.cfmprotect     0x0000c400        0x0
                0x0000c400                . = ALIGN (0x4)
 *(.cfmconfig)
                0x0000c400                . = ALIGN (0x4)

.text           0x0000c410    0x11d48
                0x0000c410                . = ALIGN (0x4)
 *(.text)
 .text          0x0000c410      0x370 r:/fehqt/proteus/gcc/bin/../lib/gcc/arm-none-eabi/4.6.2/armv7e-m\libgcc.a(_arm_addsubdf3.o)
                0x0000c410                __aeabi_drsub
                0x0000c418                __aeabi_dsub
                0x0000c418                __subdf3
                0x0000c41c                __aeabi_dadd
                0x0000c41c                __adddf3
                0x0000c694                __floatunsidf
                0x0000c694                __aeabi_ui2d
                0x0000c6b4                __floatsidf
                0x0000c6b4                __aeabi_i2d
                0x0000c6d8                __aeabi_f2d
                0x0000c6d8                __extendsfdf2
                0x0000c714                __floatundidf
                0x0000c714                __aeabi_ul2d
                0x0000c724                __floatdidf
                0x0000c724                __aeabi_l2d
 .text          0x0000c780      0x424 r:/fehqt/proteus/gcc/bin/../lib/gcc/arm-none-eabi/4.6.2/armv7e-m\libgcc.a(_arm_muldivdf3.o)
                0x0000c780                __aeabi_dmul
                0x0000c780                __muldf3
                0x0000c9d4                __divdf3
                0x0000c9d4                __aeabi_ddiv
 .text          0x0000cba4      0x110 r:/fehqt/proteus/gcc/bin/../lib/gcc/arm-none-eabi/4.6.2/armv7e-m\libgcc.a(_arm_cmpdf2.o)
                0x0000cba4                __gtdf2
                0x0000cba4                __gedf2
                0x0000cbac                __ltdf2
                0x0000cbac                __ledf2
                0x0000cbb4                __nedf2
                0x0000cbb4                __eqdf2
                0x0000cbb4                __cmpdf2
                0x0000cc30                __aeabi_cdrcmple
                0x0000cc40                __aeabi_cdcmpeq
                0x0000cc40                __aeabi_cdcmple
                0x0000cc50                __aeabi_dcmpeq
                0x0000cc64                __aeabi_dcmplt
                0x0000cc78                __aeabi_dcmple
                0x0000cc8c                __aeabi_dcmpge
                0x0000cca0                __aeabi_dcmpgt
 .text          0x0000ccb4       0x50 r:/fehqt/proteus/gcc/bin/../lib/gcc/arm-none-eabi/4.6.2/armv7e-m\libgcc.a(_arm_fixdfsi.o)
                0x0000ccb4                __aeabi_d2iz
                0x0000ccb4                __fixdfsi
 .text          0x0000cd04       0x40 r:/fehqt/proteus/gcc/bin/../lib/gcc/arm-none-eabi/4.6.2/armv7e-m\libgcc.a(_arm_fixunsdfsi.o)
                0x0000cd04                __aeabi_d2uiz
                0x0000cd04                __fixunsdfsi
 .text          0x0000cd44       0xa0 r:/fehqt/proteus/gcc/bin/../lib/gcc/arm-none-eabi/4.6.2/armv7e-m\libgcc.a(_arm_truncdfsf2.o)
                0x0000cd44                __truncdfsf2
                0x0000cd44                __aeabi_d2f
 .text          0x0000cde4      0x21c r:/fehqt/proteus/gcc/bin/../lib/gcc/arm-none-eabi/4.6.2/armv7e-m\libgcc.a(_arm_addsubsf3.o)
                0x0000cde4                __aeabi_frsub
                0x0000cdec                __subsf3
                0x0000cdec                __aeabi_fsub
                0x0000cdf0                __aeabi_fadd
                0x0000cdf0                __addsf3
                0x0000cf50                __aeabi_ui2f
                0x0000cf50                __floatunsisf
                0x0000cf58                __aeabi_i2f
                0x0000cf58                __floatsisf
                0x0000cf74                __aeabi_ul2f
                0x0000cf74                __floatundisf
                0x0000cf84                __aeabi_l2f
                0x0000cf84                __floatdisf
 .text          0x0000d000      0x2a0 r:/fehqt/proteus/gcc/bin/../lib/gcc/arm-none-eabi/4.6.2/armv7e-m\libgcc.a(_arm_muldivsf3.o)
                0x0000d000                __mulsf3
                0x0000d000                __aeabi_fmul
                0x0000d168                __aeabi_fdiv
                0x0000d168                __divsf3
 .text          0x0000d2a0       0xec r:/fehqt/proteus/gcc/bin/../lib/gcc/arm-none-eabi/4.6.2/armv7e-m\libgcc.a(_arm_cmpsf2.o)
                0x0000d2a0                __gesf2
                0x0000d2a0                __gtsf2
                0x0000d2a8                __lesf2
                0x0000d2a8                __ltsf2
                0x0000d2b0                __nesf2
                0x0000d2b0                __eqsf2
                0x0000d2b0                __cmpsf2
                0x0000d310                __aeabi_cfrcmple
                0x0000d318                __aeabi_cfcmpeq
                0x0000d318                __aeabi_cfcmple
                0x0000d328                __aeabi_fcmpeq
                0x0000d33c                __aeabi_fcmplt
                0x0000d350                __aeabi_fcmple
                0x0000d364                __aeabi_fcmpge
                0x0000d378                __aeabi_fcmpgt
 .text          0x0000d38c       0x4c r:/fehqt/proteus/gcc/bin/../lib/gcc/arm-none-eabi/4.6.2/armv7e-m\libgcc.a(_arm_fixsfsi.o)
                0x0000d38c                __aeabi_f2iz
                0x0000d38c                __fixsfsi
 .text          0x0000d3d8      0xb54 r:/fehqt/proteus/gcc/bin/../lib/gcc/arm-none-eabi/4.6.2/armv7e-m\libgcc.a(unwind-arm.o)
                0x0000d680                _Unwind_VRS_Get
                0x0000d6c0                _Unwind_VRS_Set
                0x0000da20                __aeabi_unwind_cpp_pr2
                0x0000da24                __aeabi_unwind_cpp_pr1
                0x0000da28                __aeabi_unwind_cpp_pr0
                0x0000da2c                _Unwind_VRS_Pop
                0x0000dde0                _Unwind_GetCFA
                0x0000dde4                __gnu_Unwind_RaiseException
                0x0000de44                __gnu_Unwind_ForcedUnwind
                0x0000de58                __gnu_Unwind_Resume
                0x0000de94                __gnu_Unwind_Resume_or_Rethrow
                0x0000dea4                _Unwind_Complete
                0x0000dea8                _Unwind_DeleteException
                0x0000deb8                __gnu_Unwind_Backtrace
 .text          0x0000df2c      0x1ac r:/fehqt/proteus/gcc/bin/../lib/gcc/arm-none-eabi/4.6.2/armv7e-m\libgcc.a(libunwind.o)
                0x0000df2c                __restore_core_regs
                0x0000df2c                restore_core_regs
                0x0000df44                __gnu_Unwind_Restore_VFP
                0x0000df4c                __gnu_Unwind_Save_VFP
                0x0000df54                __gnu_Unwind_Restore_VFP_D
                0x0000df5c                __gnu_Unwind_Save_VFP_D
                0x0000df64                __gnu_Unwind_Restore_VFP_D_16_to_31
                0x0000df6c                __gnu_Unwind_Save_VFP_D_16_to_31
                0x0000df74                __gnu_Unwind_Restore_WMMXD
                0x0000dfb8                __gnu_Unwind_Save_WMMXD
                0x0000dffc                __gnu_Unwind_Restore_WMMXC
                0x0000e010                __gnu_Unwind_Save_WMMXC
                0x0000e024                ___Unwind_RaiseException
                0x0000e024                _Unwind_RaiseException
                0x0000e048                _Unwind_Resume
                0x0000e048                ___Unwind_Resume
                0x0000e06c                _Unwind_Resume_or_Rethrow
                0x0000e06c                ___Unwind_Resume_or_Rethrow
                0x0000e090                _Unwind_ForcedUnwind
                0x0000e090                ___Unwind_ForcedUnwind
                0x0000e0b4                ___Unwind_Backtrace
                0x0000e0b4                _Unwind_Backtrace
 .text          0x0000e0d8      0x374 r:/fehqt/proteus/gcc/bin/../lib/gcc/arm-none-eabi/4.6.2/armv7e-m\libgcc.a(pr-support.o)
                0x0000e12c                __gnu_unwind_execute
                0x0000e3f4                __gnu_unwind_frame
                0x0000e41c                _Unwind_GetRegionStart
                0x0000e428                _Unwind_GetLanguageSpecificData
                0x0000e43c                _Unwind_GetDataRelBase
                0x0000e444                _Unwind_GetTextRelBase
 *(.text*)
 .text.main     0x0000e44c      0x850 ..\main.o
                0x0000e44c                main
 .text._Z12MainMenuCallv
                0x0000ec9c      0x9f4 ..\main.o
                0x0000ec9c                MainMenuCall()
 .text._Z17ConfigureMenuCallv
                0x0000f690      0x768 ..\main.o
                0x0000f690                ConfigureMenuCall()
 .text._Z41__static_initialization_and_destruction_0ii
                0x0000fdf8      0x214 ..\main.o
 .text._GLOBAL__sub_I_lMotor
                0x0001000c       0x14 ..\main.o
 .text._Z13logDataStuffsv
                0x00010020      0x398 ..\drive/drive.o
                0x00010020                logDataStuffs()
 .text._Z16SetPowerStraightv
                0x000103b8       0x80 ..\drive/drive.o
                0x000103b8                SetPowerStraight()
 .text._Z12SetPowerLeftv
                0x00010438       0x7c ..\drive/drive.o
                0x00010438                SetPowerLeft()
 .text._Z13SetPowerRightv
                0x000104b4       0x84 ..\drive/drive.o
                0x000104b4                SetPowerRight()
 .text._Z17SetPowerBackwardsv
                0x00010538       0x80 ..\drive/drive.o
                0x00010538                SetPowerBackwards()
 .text._Z12SetPowerStopv
                0x000105b8       0x48 ..\drive/drive.o
                0x000105b8                SetPowerStop()
 .text._Z12SetPowerLeftii
                0x00010600       0x78 ..\drive/drive.o
                0x00010600                SetPowerLeft(int, int)
 .text._Z13SetPowerRightii
                0x00010678       0x80 ..\drive/drive.o
                0x00010678                SetPowerRight(int, int)
 .text._Z12driveProcessv
                0x000106f8      0x298 ..\drive/drive.o
                0x000106f8                driveProcess()
 .text._Z7theLoopv
                0x00010990      0x144 ..\drive/drive.o
                0x00010990                theLoop()
 .text._Z8PrintInti
                0x00010ad4       0x44 ..\drive/drive.o
                0x00010ad4                PrintInt(int)
 .text._Z10PrintFloatf
                0x00010b18       0x44 ..\drive/drive.o
                0x00010b18                PrintFloat(float)
 .text._Z11PrintDoubled
                0x00010b5c       0x48 ..\drive/drive.o
                0x00010b5c                PrintDouble(double)
 .text._Z9PrintVoidv
                0x00010ba4       0x2c ..\drive/drive.o
                0x00010ba4                PrintVoid()
 .text._ZN9OperationC2Ev
                0x00010bd0       0x20 ..\classes/operation.o
                0x00010bd0                Operation::Operation()
                0x00010bd0                Operation::Operation()
 .text._ZN9Operation14set_iOperationEPFviE
                0x00010bf0       0x24 ..\classes/operation.o
                0x00010bf0                Operation::set_iOperation(void (*)(int))
 .text._ZN9Operation14set_fOperationEPFvfE
                0x00010c14       0x24 ..\classes/operation.o
                0x00010c14                Operation::set_fOperation(void (*)(float))
 .text._ZN9Operation14set_dOperationEPFvdE
                0x00010c38       0x24 ..\classes/operation.o
                0x00010c38                Operation::set_dOperation(void (*)(double))
 .text._ZN9Operation14set_vOperationEPFvvE
                0x00010c5c       0x24 ..\classes/operation.o
                0x00010c5c                Operation::set_vOperation(void (*)())
 .text._ZN9Operation11getDataTypeEv
                0x00010c80       0x18 ..\classes/operation.o
                0x00010c80                Operation::getDataType()
 .text._ZN9Operation18perform_iOperationEi
                0x00010c98       0x1c ..\classes/operation.o
                0x00010c98                Operation::perform_iOperation(int)
 .text._ZN9Operation18perform_fOperationEf
                0x00010cb4       0x1c ..\classes/operation.o
                0x00010cb4                Operation::perform_fOperation(float)
 .text._ZN9Operation18perform_dOperationEd
                0x00010cd0       0x20 ..\classes/operation.o
                0x00010cd0                Operation::perform_dOperation(double)
 .text._ZN9Operation18perform_vOperationEv
                0x00010cf0       0x18 ..\classes/operation.o
                0x00010cf0                Operation::perform_vOperation()
 .text._ZN16OperationTrackerC2Ei
                0x00010d08       0x60 ..\classes/operation.o
                0x00010d08                OperationTracker::OperationTracker(int)
                0x00010d08                OperationTracker::OperationTracker(int)
 .text._ZN16OperationTracker14add_iOperationEiPFviE
                0x00010d68       0x30 ..\classes/operation.o
                0x00010d68                OperationTracker::add_iOperation(int, void (*)(int))
 .text._ZN16OperationTracker14add_fOperationEiPFvfE
                0x00010d98       0x30 ..\classes/operation.o
                0x00010d98                OperationTracker::add_fOperation(int, void (*)(float))
 .text._ZN16OperationTracker14add_dOperationEiPFvdE
                0x00010dc8       0x30 ..\classes/operation.o
                0x00010dc8                OperationTracker::add_dOperation(int, void (*)(double))
 .text._ZN16OperationTracker14add_vOperationEiPFvvE
                0x00010df8       0x30 ..\classes/operation.o
                0x00010df8                OperationTracker::add_vOperation(int, void (*)())
 .text._ZN8MovementC2Ev
                0x00010e28       0x50 ..\classes/movement.o
                0x00010e28                Movement::Movement()
                0x00010e28                Movement::Movement()
 .text._ZN8Movement12getOperationEv
                0x00010e78       0x18 ..\classes/movement.o
                0x00010e78                Movement::getOperation()
 .text._ZN8Movement11getIntValueEv
                0x00010e90       0x18 ..\classes/movement.o
                0x00010e90                Movement::getIntValue()
 .text._ZN8Movement13getFloatValueEv
                0x00010ea8       0x18 ..\classes/movement.o
                0x00010ea8                Movement::getFloatValue()
 .text._ZN8Movement14getDoubleValueEv
                0x00010ec0       0x1c ..\classes/movement.o
                0x00010ec0                Movement::getDoubleValue()
 .text._ZN8Movement11getDataTypeEv
                0x00010edc       0x18 ..\classes/movement.o
                0x00010edc                Movement::getDataType()
 .text._ZN8Movement8getStateEv
                0x00010ef4       0x18 ..\classes/movement.o
                0x00010ef4                Movement::getState()
 .text._ZN8Movement13set_iMovementEii
                0x00010f0c       0x34 ..\classes/movement.o
                0x00010f0c                Movement::set_iMovement(int, int)
 .text._ZN8Movement13set_fMovementEif
                0x00010f40       0x34 ..\classes/movement.o
                0x00010f40                Movement::set_fMovement(int, float)
 .text._ZN8Movement13set_dMovementEid
                0x00010f74       0x38 ..\classes/movement.o
                0x00010f74                Movement::set_dMovement(int, double)
 .text._ZN8Movement13set_vMovementEi
                0x00010fac       0x2c ..\classes/movement.o
                0x00010fac                Movement::set_vMovement(int)
 .text._ZN8Movement11setMovementES_
                0x00010fd8       0x7c ..\classes/movement.o
                0x00010fd8                Movement::setMovement(Movement)
 .text._ZN8Movement8setStateEb
                0x00011054       0x30 ..\classes/movement.o
                0x00011054                Movement::setState(bool)
 .text._ZN8Movement17perform_iMovementEv
                0x00011084       0x3c ..\classes/movement.o
                0x00011084                Movement::perform_iMovement()
 .text._ZN8Movement17perform_fMovementEv
                0x000110c0       0x3c ..\classes/movement.o
                0x000110c0                Movement::perform_fMovement()
 .text._ZN8Movement17perform_dMovementEv
                0x000110fc       0x3c ..\classes/movement.o
                0x000110fc                Movement::perform_dMovement()
 .text._ZN8Movement17perform_vMovementEv
                0x00011138       0x34 ..\classes/movement.o
                0x00011138                Movement::perform_vMovement()
 .text._ZN15MovementTrackerC2Ev
                0x0001116c       0x5c ..\classes/movement.o
                0x0001116c                MovementTracker::MovementTracker()
                0x0001116c                MovementTracker::MovementTracker()
 .text._ZN15MovementTracker13add_iMovementEii
                0x000111c8       0x4c ..\classes/movement.o
                0x000111c8                MovementTracker::add_iMovement(int, int)
 .text._ZN15MovementTracker13add_fMovementEif
                0x00011214       0x4c ..\classes/movement.o
                0x00011214                MovementTracker::add_fMovement(int, float)
 .text._ZN15MovementTracker13add_dMovementEid
                0x00011260       0x50 ..\classes/movement.o
                0x00011260                MovementTracker::add_dMovement(int, double)
 .text._ZN15MovementTracker13add_vMovementEi
                0x000112b0       0x48 ..\classes/movement.o
                0x000112b0                MovementTracker::add_vMovement(int)
 .text._ZN6optionC2Ev
                0x000112f8       0x50 ..\classes/menu.o
                0x000112f8                option::option()
                0x000112f8                option::option()
 .text._ZN6option9setJeffIDEi
                0x00011348       0x1c ..\classes/menu.o
                0x00011348                option::setJeffID(int)
 .text._ZN6option9setOptionEiPKc
                0x00011364       0x2c ..\classes/menu.o
                0x00011364                option::setOption(int, char const*)
 .text._ZN6option9setOptionEi8Movement
                0x00011390       0x70 ..\classes/menu.o
                0x00011390                option::setOption(int, Movement)
 .text._ZN6option9setOptionES_
                0x00011400       0xa4 ..\classes/menu.o
                0x00011400                option::setOption(option)
 .text._ZN6option8setStateEb
                0x000114a4       0x34 ..\classes/menu.o
                0x000114a4                option::setState(bool)
 .text._ZN6option9getJeffIDEv
                0x000114d8       0x18 ..\classes/menu.o
                0x000114d8                option::getJeffID()
 .text._ZN6option11getDataTypeEv
                0x000114f0       0x18 ..\classes/menu.o
                0x000114f0                option::getDataType()
 .text._ZN6option7getLineEv
                0x00011508       0x18 ..\classes/menu.o
                0x00011508                option::getLine()
 .text._ZN6option7getNameEv
                0x00011520       0x18 ..\classes/menu.o
                0x00011520                option::getName()
 .text._ZN6option11getMovementEv
                0x00011538       0x34 ..\classes/menu.o
                0x00011538                option::getMovement()
 .text._ZN6option8getStateEv
                0x0001156c       0x1c ..\classes/menu.o
                0x0001156c                option::getState()
 .text._ZN6option7displayEv
                0x00011588      0x1c0 ..\classes/menu.o
                0x00011588                option::display()
 .text._ZN4MenuC2Ev
                0x00011748       0x5c ..\classes/menu.o
                0x00011748                Menu::Menu()
                0x00011748                Menu::Menu()
 .text._ZN4Menu9addOptionEPKc
                0x000117a4      0x244 ..\classes/menu.o
                0x000117a4                Menu::addOption(char const*)
 .text._ZN4Menu9addOptionEPKci
                0x000119e8      0x260 ..\classes/menu.o
                0x000119e8                Menu::addOption(char const*, int)
 .text._ZN4Menu9addOptionE8Movement
                0x00011c48      0x244 ..\classes/menu.o
                0x00011c48                Menu::addOption(Movement)
 .text._ZN4Menu12setSubOpMenuEb
                0x00011e8c       0x1c ..\classes/menu.o
                0x00011e8c                Menu::setSubOpMenu(bool)
 .text._ZN4Menu16setSelectionSizeEi
                0x00011ea8       0x1c ..\classes/menu.o
                0x00011ea8                Menu::setSelectionSize(int)
 *fill*         0x00011ec4        0x4 00
 .text._ZN4Menu13UserInterfaceEv
                0x00011ec8      0x330 ..\classes/menu.o
                0x00011ec8                Menu::UserInterface()
 .text._ZN4Menu10drawCursorEi
                0x000121f8       0x34 ..\classes/menu.o
                0x000121f8                Menu::drawCursor(int)
 .text._Z13mainMenuSetupv
                0x0001222c       0xd0 ..\setup/menuSetup1.o
                0x0001222c                mainMenuSetup()
 .text._Z13pageMenuSetupv
                0x000122fc       0xf8 ..\setup/menuSetup1.o
                0x000122fc                pageMenuSetup()
 .text._Z18operationMenuSetupv
                0x000123f4       0x94 ..\setup/menuSetup1.o
                0x000123f4                operationMenuSetup()
 .text._Z13moveMenuSetupv
                0x00012488      0x128 ..\setup/menuSetup2.o
                0x00012488                moveMenuSetup()
 .text._Z15opSubMenusSetupv
                0x000125b0       0x68 ..\setup/menuSetup2.o
                0x000125b0                opSubMenusSetup()
 .text._Z9SetDoubledPdi
                0x00012618       0xe4 ..\other.o
                0x00012618                SetDouble(double, double*, int)
 *fill*         0x000126fc        0x4 00
 .text._Z15IncrementDoubledd
                0x00012700      0x140 ..\other.o
                0x00012700                IncrementDouble(double, double)
 .text._Z8SetFloatfPfi
                0x00012840       0xf4 ..\other.o
                0x00012840                SetFloat(float, float*, int)
 .text._Z10SetIntegeriPii
                0x00012934       0xf4 ..\other.o
                0x00012934                SetInteger(int, int*, int)
 .text._Z10myAbsolutef
                0x00012a28       0x40 ..\other.o
                0x00012a28                myAbsolute(float)
 .text._Z12DriveForTimef
                0x00012a68       0xb4 ..\drive/1_driveTimers.o
                0x00012a68                DriveForTime(float)
 .text._Z15TurnLeftForTimef
                0x00012b1c       0xb0 ..\drive/1_driveTimers.o
                0x00012b1c                TurnLeftForTime(float)
 .text._Z16TurnRightForTimef
                0x00012bcc       0xb0 ..\drive/1_driveTimers.o
                0x00012bcc                TurnRightForTime(float)
 .text._Z16BackwardsForTimef
                0x00012c7c       0xb4 ..\drive/1_driveTimers.o
                0x00012c7c                BackwardsForTime(float)
 .text._Z10EncForwardd
                0x00012d30      0x218 ..\drive/2_driveEncoders.o
                0x00012d30                EncForward(double)
 .text._Z7EncLeftd
                0x00012f48      0x208 ..\drive/2_driveEncoders.o
                0x00012f48                EncLeft(double)
 .text._Z8EncRightd
                0x00013150      0x228 ..\drive/2_driveEncoders.o
                0x00013150                EncRight(double)
 .text._Z11EncBackwardd
                0x00013378      0x218 ..\drive/2_driveEncoders.o
                0x00013378                EncBackward(double)
 .text._Z19ChangeOptoThresholdd
                0x00013590       0x28 ..\drive/3_driveLine.o
                0x00013590                ChangeOptoThreshold(double)
 .text._Z15FollowBlackLined
                0x000135b8      0x1c0 ..\drive/3_driveLine.o
                0x000135b8                FollowBlackLine(double)
 .text._Z15FollowLightLined
                0x00013778      0x1c0 ..\drive/3_driveLine.o
                0x00013778                FollowLightLine(double)
 .text._Z17unFollowBlackLined
                0x00013938      0x1c0 ..\drive/3_driveLine.o
                0x00013938                unFollowBlackLine(double)
 .text._Z17unFollowLightLined
                0x00013af8      0x1c0 ..\drive/3_driveLine.o
                0x00013af8                unFollowLightLine(double)
 .text._Z13GetOptoThreshv
                0x00013cb8      0x150 ..\drive/3_driveLine.o
                0x00013cb8                GetOptoThresh()
 .text._Z15BlackLineFollowd
                0x00013e08      0x214 ..\drive/3_driveLine.o
                0x00013e08                BlackLineFollow(double)
 .text._Z16YellowLineFollowd
                0x0001401c      0x214 ..\drive/3_driveLine.o
                0x0001401c                YellowLineFollow(double)
 .text._Z13JeffBlackLined
                0x00014230      0x238 ..\drive/3_driveLine.o
                0x00014230                JeffBlackLine(double)
 .text._Z13JeffLightLined
                0x00014468      0x240 ..\drive/3_driveLine.o
                0x00014468                JeffLightLine(double)
 .text._Z14SetServoDegreei
                0x000146a8       0x8c ..\drive/4_driveGeneral.o
                0x000146a8                SetServoDegree(int)
 *fill*         0x00014734        0x4 00
 .text._Z17DisplayLightValuev
                0x00014738      0x108 ..\drive/4_driveGeneral.o
                0x00014738                DisplayLightValue()
 .text._Z17FlyOverLightValued
                0x00014840      0x1a0 ..\drive/4_driveGeneral.o
                0x00014840                FlyOverLightValue(double)
 .text._Z17LightDecisionTurnd
                0x000149e0       0x68 ..\drive/4_driveGeneral.o
                0x000149e0                LightDecisionTurn(double)
 .text._Z10PushButtonv
                0x00014a48       0x74 ..\drive/4_driveGeneral.o
                0x00014a48                PushButton()
 *fill*         0x00014abc        0x4 00
 .text._Z5Microd
                0x00014ac0       0xd0 ..\drive/4_driveGeneral.o
                0x00014ac0                Micro(double)
 .text._Z11MoveToRealXd
                0x00014b90       0x94 ..\drive/5_driveRealRPS.o
                0x00014b90                MoveToRealX(double)
 .text._Z11MoveToRealYd
                0x00014c24       0x94 ..\drive/5_driveRealRPS.o
                0x00014c24                MoveToRealY(double)
 .text._Z15TurnLeftPast180v
                0x00014cb8       0x88 ..\drive/6_driveRealRPSTurn.o
                0x00014cb8                TurnLeftPast180()
 .text._Z14TurnRightPast0v
                0x00014d40       0x78 ..\drive/6_driveRealRPSTurn.o
                0x00014d40                TurnRightPast0()
 .text._Z15TurnLeftToAngled
                0x00014db8       0x1c ..\drive/6_driveRealRPSTurn.o
                0x00014db8                TurnLeftToAngle(double)
 .text._Z16TurnRightToAngled
                0x00014dd4       0x1c ..\drive/6_driveRealRPSTurn.o
                0x00014dd4                TurnRightToAngle(double)
 .text._Z17UnsafeTurnToAngled
                0x00014df0       0xc8 ..\drive/6_driveRealRPSTurn.o
                0x00014df0                UnsafeTurnToAngle(double)
 .text._Z16RelativeTurnLeftd
                0x00014eb8       0x60 ..\drive/6_driveRealRPSTurn.o
                0x00014eb8                RelativeTurnLeft(double)
 .text._Z17RelativeTurnRightd
                0x00014f18       0x60 ..\drive/6_driveRealRPSTurn.o
                0x00014f18                RelativeTurnRight(double)
 .text._Z11SlowEncLeftdi
                0x00014f78      0x1d8 ..\drive/6_driveRealRPSTurn.o
                0x00014f78                SlowEncLeft(double, int)
 .text._Z12SlowEncRightdi
                0x00015150      0x1f8 ..\drive/6_driveRealRPSTurn.o
                0x00015150                SlowEncRight(double, int)
 .text._ZN10RPScleanerC2Ev
                0x00015348       0x50 ..\RPS/2_RPScleaner.o
                0x00015348                RPScleaner::RPScleaner()
                0x00015348                RPScleaner::RPScleaner()
 .text._ZN10RPScleaner6updateEv
                0x00015398       0x58 ..\RPS/2_RPScleaner.o
                0x00015398                RPScleaner::update()
 .text._ZN10RPScleaner21currentValuesAreLegitEv
                0x000153f0       0xf0 ..\RPS/2_RPScleaner.o
                0x000153f0                RPScleaner::currentValuesAreLegit()
 .text._ZN10RPScleaner11getCurrentXEv
                0x000154e0       0x18 ..\RPS/2_RPScleaner.o
                0x000154e0                RPScleaner::getCurrentX()
 .text._ZN10RPScleaner11getCurrentYEv
                0x000154f8       0x18 ..\RPS/2_RPScleaner.o
                0x000154f8                RPScleaner::getCurrentY()
 .text._ZN10RPScleaner15getCurrentAngleEv
                0x00015510       0x18 ..\RPS/2_RPScleaner.o
                0x00015510                RPScleaner::getCurrentAngle()
 .text.zero_fill_bss
                0x00015528       0x34 Startup\__arm_start.o
 .text.__thumb_startup
                0x0001555c       0x34 Startup\__arm_start.o
                0x0001555c                __thumb_startup
 .text.InitFEHProteus
                0x00015590      0x15c Startup\__arm_start.o
                0x00015590                InitFEHProteus
 .text.pll_init_bl
                0x000156ec      0x130 Startup\__arm_start.o
 .text.InitPowerButton
                0x0001581c       0x90 Startup\__arm_start.o
                0x0001581c                InitPowerButton
 .text._ExitProcess
                0x000158ac        0xc Startup\__arm_end.o
                0x000158ac                _ExitProcess
 .text.Default_Handler
                0x000158b8        0xc Startup\kinetis_sysinit.o
                0x000158b8                BusFault_Handler()
                0x000158b8                HardFault_Handler()
                0x000158b8                SysTick_Handler()
                0x000158b8                PendSV_Handler()
                0x000158b8                DebugMonitor_Handler()
                0x000158b8                MemManage_Handler()
                0x000158b8                NMI_Handler()
                0x000158b8                SVC_Handler()
                0x000158b8                Default_Handler
                0x000158b8                UsageFault_Handler()
 .text.__init_hardware
                0x000158c4       0x44 Startup\kinetis_sysinit.o
                0x000158c4                __init_hardware
 .text._Z8PortDISRv
                0x00015908       0x5c Startup\kinetis_sysinit.o
                0x00015908                PortDISR()
 .text._ZN8FEHMotorC2ENS_12FEHMotorPortE
                0x00015964       0x28 Libraries\FEHMotor.o
                0x00015964                FEHMotor::FEHMotor(FEHMotor::FEHMotorPort)
                0x00015964                FEHMotor::FEHMotor(FEHMotor::FEHMotorPort)
 .text._ZN8FEHMotor4StopEv
                0x0001598c       0x3c Libraries\FEHMotor.o
                0x0001598c                FEHMotor::Stop()
 .text._ZN8FEHMotor10SetPercentEf
                0x000159c8       0xd8 Libraries\FEHMotor.o
                0x000159c8                FEHMotor::SetPercent(float)
 .text._Z9uart_initPV11UART_MemMapii
                0x00015aa0      0x20c Drivers\uart.o
                0x00015aa0                uart_init(UART_MemMap volatile*, int, int)
 .text._Z12uart_getcharPV11UART_MemMap
                0x00015cac       0x34 Drivers\uart.o
                0x00015cac                uart_getchar(UART_MemMap volatile*)
 .text._Z12uart_putcharPV11UART_MemMapc
                0x00015ce0       0x38 Drivers\uart.o
                0x00015ce0                uart_putchar(UART_MemMap volatile*, char)
 .text._Z13time_delay_msm
                0x00015d18       0xa4 Drivers\lptmr.o
                0x00015d18                time_delay_ms(unsigned long)
 .text._Z41__static_initialization_and_destruction_0ii
                0x00015dbc       0x30 FEHProteus.o
 .text._GLOBAL__sub_I_Propeller
                0x00015dec       0x14 FEHProteus.o
 .text._ZN12FEHPropellerC2Ev
                0x00015e00       0x20 Drivers\FEHPropeller.o
                0x00015e00                FEHPropeller::FEHPropeller()
                0x00015e00                FEHPropeller::FEHPropeller()
 .text._ZN12FEHPropeller10InitializeEv
                0x00015e20       0x94 Drivers\FEHPropeller.o
                0x00015e20                FEHPropeller::Initialize()
 .text._ZN12FEHPropeller12SetMotorRateEhhh
                0x00015eb4       0x78 Drivers\FEHPropeller.o
                0x00015eb4                FEHPropeller::SetMotorRate(unsigned char, unsigned char, unsigned char)
 .text._ZL5Delaymjj
                0x00015f2c       0xc4 Libraries\FEHUtility.o
 .text._Z5Sleepi
                0x00015ff0       0x34 Libraries\FEHUtility.o
                0x00015ff0                Sleep(int)
 *fill*         0x00016024        0x4 00
 .text._Z5Sleepd
                0x00016028       0x58 Libraries\FEHUtility.o
                0x00016028                Sleep(double)
 .text._Z7TimeNowv
                0x00016080       0x70 Libraries\FEHUtility.o
                0x00016080                TimeNow()
 .text._Z11TimeNowMSecv
                0x000160f0       0x44 Libraries\FEHUtility.o
                0x000160f0                TimeNowMSec()
 .text._ZN15DigitalInputPinC2EN5FEHIO8FEHIOPinE
                0x00016134       0x24 Libraries\FEHIO.o
                0x00016134                DigitalInputPin::DigitalInputPin(FEHIO::FEHIOPin)
                0x00016134                DigitalInputPin::DigitalInputPin(FEHIO::FEHIOPin)
 .text._ZN15DigitalInputPinC2Ev
                0x00016158       0x18 Libraries\FEHIO.o
                0x00016158                DigitalInputPin::DigitalInputPin()
                0x00016158                DigitalInputPin::DigitalInputPin()
 .text._ZN15DigitalInputPin10InitializeEN5FEHIO8FEHIOPinE
                0x00016170      0x224 Libraries\FEHIO.o
                0x00016170                DigitalInputPin::Initialize(FEHIO::FEHIOPin)
 .text._ZN15DigitalInputPin5ValueEv
                0x00016394      0x148 Libraries\FEHIO.o
                0x00016394                DigitalInputPin::Value()
 .text._ZN14AnalogInputPinC2EN5FEHIO8FEHIOPinE
                0x000164dc       0x20 Libraries\FEHIO.o
                0x000164dc                AnalogInputPin::AnalogInputPin(FEHIO::FEHIOPin)
                0x000164dc                AnalogInputPin::AnalogInputPin(FEHIO::FEHIOPin)
 *fill*         0x000164fc        0x4 00
 .text._ZN14AnalogInputPin5ValueEv
                0x00016500      0x1c0 Libraries\FEHIO.o
                0x00016500                AnalogInputPin::Value()
 .text._ZN10FEHEncoder12EncoderValueEv
                0x000166c0       0xe4 Libraries\FEHIO.o
                0x000166c0                FEHEncoder::EncoderValue()
 .text._ZN14AnalogInputPin8InitADCsEv
                0x000167a4      0x120 Libraries\FEHIO.o
                0x000167a4                AnalogInputPin::InitADCs()
 .text._Z8pit0_isrv
                0x000168c4       0x34 Libraries\FEHIO.o
                0x000168c4                pit0_isr()
 .text._ZN10FEHEncoder4InitEv
                0x000168f8       0x64 Libraries\FEHIO.o
                0x000168f8                FEHEncoder::Init()
 .text._ZN10FEHEncoder14SetCounterInitEj
                0x0001695c       0x20 Libraries\FEHIO.o
                0x0001695c                FEHEncoder::SetCounterInit(unsigned int)
 .text._ZN10FEHEncoderC2EN5FEHIO8FEHIOPinE
                0x0001697c      0x194 Libraries\FEHIO.o
                0x0001697c                FEHEncoder::FEHEncoder(FEHIO::FEHIOPin)
                0x0001697c                FEHEncoder::FEHEncoder(FEHIO::FEHIOPin)
 .text._ZN10FEHEncoder13SetThresholdsEff
                0x00016b10       0xa0 Libraries\FEHIO.o
                0x00016b10                FEHEncoder::SetThresholds(float, float)
 .text._ZN10FEHEncoderD2Ev
                0x00016bb0       0xb8 Libraries\FEHIO.o
                0x00016bb0                FEHEncoder::~FEHEncoder()
                0x00016bb0                FEHEncoder::~FEHEncoder()
 .text._ZN10FEHEncoder10ProcessIntEv
                0x00016c68       0x80 Libraries\FEHIO.o
                0x00016c68                FEHEncoder::ProcessInt()
 .text._ZN10FEHEncoder14ProcessIntSelfEv
                0x00016ce8       0x80 Libraries\FEHIO.o
                0x00016ce8                FEHEncoder::ProcessIntSelf()
 .text._ZN10FEHEncoder6CountsEv
                0x00016d68       0x18 Libraries\FEHIO.o
                0x00016d68                FEHEncoder::Counts()
 .text._ZN10FEHEncoder11ResetCountsEv
                0x00016d80       0x1c Libraries\FEHIO.o
                0x00016d80                FEHEncoder::ResetCounts()
 .text._ZN11ButtonBoardC2EN5FEHIO9FEHIOPortE
                0x00016d9c      0x10c Libraries\FEHIO.o
                0x00016d9c                ButtonBoard::ButtonBoard(FEHIO::FEHIOPort)
                0x00016d9c                ButtonBoard::ButtonBoard(FEHIO::FEHIOPort)
 .text._ZN11ButtonBoard11LeftPressedEv
                0x00016ea8       0x24 Libraries\FEHIO.o
                0x00016ea8                ButtonBoard::LeftPressed()
 .text._ZN11ButtonBoard13MiddlePressedEv
                0x00016ecc       0x28 Libraries\FEHIO.o
                0x00016ecc                ButtonBoard::MiddlePressed()
 .text._ZN11ButtonBoard12RightPressedEv
                0x00016ef4       0x28 Libraries\FEHIO.o
                0x00016ef4                ButtonBoard::RightPressed()
 .text._Z7ADC_CalPV10ADC_MemMap
                0x00016f1c      0x14c Drivers\adc16.o
                0x00016f1c                ADC_Cal(ADC_MemMap volatile*)
 .text._Z14ADC_Config_AltPV10ADC_MemMapP7adc_cfg
                0x00017068       0x6c Drivers\adc16.o
                0x00017068                ADC_Config_Alt(ADC_MemMap volatile*, adc_cfg*)
 .text._ZN9FEHBuzzerC2Ev
                0x000170d4       0x18 Libraries\FEHBuzzer.o
                0x000170d4                FEHBuzzer::FEHBuzzer()
                0x000170d4                FEHBuzzer::FEHBuzzer()
 .text._Z41__static_initialization_and_destruction_0ii
                0x000170ec       0x30 Libraries\FEHBuzzer.o
 .text._GLOBAL__sub_I_Buzzer
                0x0001711c       0x14 Libraries\FEHBuzzer.o
 .text._ZN8FEHServoC2ENS_12FEHServoPortE
                0x00017130       0x3c Libraries\FEHServo.o
                0x00017130                FEHServo::FEHServo(FEHServo::FEHServoPort)
                0x00017130                FEHServo::FEHServo(FEHServo::FEHServoPort)
 .text._ZN8FEHServo6SetMinEi
                0x0001716c       0x3c Libraries\FEHServo.o
                0x0001716c                FEHServo::SetMin(int)
 .text._ZN8FEHServo6SetMaxEi
                0x000171a8       0x3c Libraries\FEHServo.o
                0x000171a8                FEHServo::SetMax(int)
 *fill*         0x000171e4        0x4 00
 .text._ZN8FEHServo9SetDegreeEf
                0x000171e8      0x148 Libraries\FEHServo.o
                0x000171e8                FEHServo::SetDegree(float)
 .text._ZN8FEHServo9DigitalOnEv
                0x00017330       0x64 Libraries\FEHServo.o
                0x00017330                FEHServo::DigitalOn()
 .text._ZN8FEHServo10DigitalOffEv
                0x00017394       0x64 Libraries\FEHServo.o
                0x00017394                FEHServo::DigitalOff()
 .text._ZN8FEHServo9CalibrateEv
                0x000173f8      0x384 Libraries\FEHServo.o
                0x000173f8                FEHServo::Calibrate()
 .text._ZN6FEHLCD11_InitializeEv
                0x0001777c      0x5c0 Libraries\FEHLCD.o
                0x0001777c                FEHLCD::_Initialize()
 .text._ZN6FEHLCDC2Ev
                0x00017d3c       0x64 Libraries\FEHLCD.o
                0x00017d3c                FEHLCD::FEHLCD()
                0x00017d3c                FEHLCD::FEHLCD()
 .text._ZN6FEHLCD10InitializeEv
                0x00017da0       0x38 Libraries\FEHLCD.o
                0x00017da0                FEHLCD::Initialize()
 .text._ZN6FEHLCD10PrintImageEii
                0x00017dd8       0xf4 Libraries\FEHLCD.o
                0x00017dd8                FEHLCD::PrintImage(int, int)
 .text._ZN6FEHLCD22ConvertFEHColorTo24BitENS_11FEHLCDColorE
                0x00017ecc       0x80 Libraries\FEHLCD.o
                0x00017ecc                FEHLCD::ConvertFEHColorTo24Bit(FEHLCD::FEHLCDColor)
 .text._ZN6FEHLCD24Convert24BitColorTo16BitEj
                0x00017f4c       0x40 Libraries\FEHLCD.o
                0x00017f4c                FEHLCD::Convert24BitColorTo16Bit(unsigned int)
 .text._ZN6FEHLCD22ConvertRGBColorTo16BitEhhh
                0x00017f8c       0x44 Libraries\FEHLCD.o
                0x00017f8c                FEHLCD::ConvertRGBColorTo16Bit(unsigned char, unsigned char, unsigned char)
 .text._ZN6FEHLCD5ClearENS_11FEHLCDColorE
                0x00017fd0       0x28 Libraries\FEHLCD.o
                0x00017fd0                FEHLCD::Clear(FEHLCD::FEHLCDColor)
 .text._ZN6FEHLCD5ClearEj
                0x00017ff8       0x2c Libraries\FEHLCD.o
                0x00017ff8                FEHLCD::Clear(unsigned int)
 .text._ZN6FEHLCD5ClearEv
                0x00018024       0x18 Libraries\FEHLCD.o
                0x00018024                FEHLCD::Clear()
 .text._ZN6FEHLCD18SetBackgroundColorENS_11FEHLCDColorE
                0x0001803c       0x28 Libraries\FEHLCD.o
                0x0001803c                FEHLCD::SetBackgroundColor(FEHLCD::FEHLCDColor)
 .text._ZN6FEHLCD18SetBackgroundColorEj
                0x00018064       0x28 Libraries\FEHLCD.o
                0x00018064                FEHLCD::SetBackgroundColor(unsigned int)
 .text._ZN6FEHLCD12SetFontColorENS_11FEHLCDColorE
                0x0001808c       0x28 Libraries\FEHLCD.o
                0x0001808c                FEHLCD::SetFontColor(FEHLCD::FEHLCDColor)
 .text._ZN6FEHLCD12SetFontColorEj
                0x000180b4       0x28 Libraries\FEHLCD.o
                0x000180b4                FEHLCD::SetFontColor(unsigned int)
 .text._ZN6FEHLCD7WriteAtEPKcii
                0x000180dc       0x58 Libraries\FEHLCD.o
                0x000180dc                FEHLCD::WriteAt(char const*, int, int)
 .text._ZN6FEHLCD5WriteEPKc
                0x00018134       0x5c Libraries\FEHLCD.o
                0x00018134                FEHLCD::Write(char const*)
 .text._ZN6FEHLCD5WriteEi
                0x00018190       0x34 Libraries\FEHLCD.o
                0x00018190                FEHLCD::Write(int)
 .text._ZN6FEHLCD5WriteEf
                0x000181c4       0xdc Libraries\FEHLCD.o
                0x000181c4                FEHLCD::Write(float)
 .text._ZN6FEHLCD5WriteEd
                0x000182a0       0x28 Libraries\FEHLCD.o
                0x000182a0                FEHLCD::Write(double)
 .text._ZN6FEHLCD5WriteEc
                0x000182c8       0x30 Libraries\FEHLCD.o
                0x000182c8                FEHLCD::Write(char)
 .text._ZN6FEHLCD9WriteLineEPKc
                0x000182f8       0x28 Libraries\FEHLCD.o
                0x000182f8                FEHLCD::WriteLine(char const*)
 .text._ZN6FEHLCD9WriteLineEi
                0x00018320       0x28 Libraries\FEHLCD.o
                0x00018320                FEHLCD::WriteLine(int)
 .text._ZN6FEHLCD9WriteLineEf
                0x00018348       0x28 Libraries\FEHLCD.o
                0x00018348                FEHLCD::WriteLine(float)
 .text._ZN6FEHLCD9WriteLineEd
                0x00018370       0x2c Libraries\FEHLCD.o
                0x00018370                FEHLCD::WriteLine(double)
 .text._ZN6FEHLCD9WriteLineEc
                0x0001839c       0x2c Libraries\FEHLCD.o
                0x0001839c                FEHLCD::WriteLine(char)
 .text._ZN6FEHLCD10WriteIndexEh
                0x000183c8      0x288 Libraries\FEHLCD.o
                0x000183c8                FEHLCD::WriteIndex(unsigned char)
 .text._ZN6FEHLCD14WriteParameterEh
                0x00018650      0x254 Libraries\FEHLCD.o
                0x00018650                FEHLCD::WriteParameter(unsigned char)
 .text._ZN6FEHLCD6_ClearEv
                0x000188a4      0x228 Libraries\FEHLCD.o
                0x000188a4                FEHLCD::_Clear()
 .text._ZN6FEHLCD8NextLineEv
                0x00018acc       0x30 Libraries\FEHLCD.o
                0x00018acc                FEHLCD::NextLine()
 .text._ZN6FEHLCD9CheckLineEv
                0x00018afc       0x2c Libraries\FEHLCD.o
                0x00018afc                FEHLCD::CheckLine()
 .text._ZN6FEHLCD8NextCharEv
                0x00018b28       0x34 Libraries\FEHLCD.o
                0x00018b28                FEHLCD::NextChar()
 .text._ZN6FEHLCD9DrawPixelEii
                0x00018b5c       0x30 Libraries\FEHLCD.o
                0x00018b5c                FEHLCD::DrawPixel(int, int)
 .text._Z4SwapRiS_
                0x00018b8c       0x28 Libraries\FEHLCD.o
                0x00018b8c                Swap(int&, int&)
 .text.abs      0x00018bb4       0x24 Libraries\FEHLCD.o
                0x00018bb4                abs
 .text._ZN6FEHLCD13DrawRectangleEiiii
                0x00018bd8       0x80 Libraries\FEHLCD.o
                0x00018bd8                FEHLCD::DrawRectangle(int, int, int, int)
 .text._ZN6FEHLCD13SetDrawRegionEiiii
                0x00018c58      0x10c Libraries\FEHLCD.o
                0x00018c58                FEHLCD::SetDrawRegion(int, int, int, int)
 .text._ZN6FEHLCD13FillRectangleEiiii
                0x00018d64       0x5c Libraries\FEHLCD.o
                0x00018d64                FEHLCD::FillRectangle(int, int, int, int)
 .text._ZN6FEHLCD8DrawLineEiiii
                0x00018dc0      0x178 Libraries\FEHLCD.o
                0x00018dc0                FEHLCD::DrawLine(int, int, int, int)
 .text._ZN6FEHLCD9WriteCharEiic
                0x00018f38       0x40 Libraries\FEHLCD.o
                0x00018f38                FEHLCD::WriteChar(int, int, char)
 .text._ZN6FEHLCD11WriteCharAtEiic
                0x00018f78      0x278 Libraries\FEHLCD.o
                0x00018f78                FEHLCD::WriteCharAt(int, int, char)
 .text._ZN6FEHLCD11RepeatColorEv
                0x000191f0       0xbc Libraries\FEHLCD.o
                0x000191f0                FEHLCD::RepeatColor()
 .text._ZN6FEHLCD10_ForePixelEv
                0x000192ac      0x160 Libraries\FEHLCD.o
                0x000192ac                FEHLCD::_ForePixel()
 .text._ZN6FEHLCD10_BackPixelEv
                0x0001940c      0x160 Libraries\FEHLCD.o
                0x0001940c                FEHLCD::_BackPixel()
 .text._ZN6FEHLCD22SetRegisterColorValuesEv
                0x0001956c      0x4c0 Libraries\FEHLCD.o
                0x0001956c                FEHLCD::SetRegisterColorValues()
 .text._Z41__static_initialization_and_destruction_0ii
                0x00019a2c       0x30 Libraries\FEHLCD.o
 .text._GLOBAL__sub_I_image
                0x00019a5c       0x14 Libraries\FEHLCD.o
 .text._ZN10FEHBattery7VoltageEv
                0x00019a70       0x38 Libraries\FEHBattery.o
                0x00019a70                FEHBattery::Voltage()
 .text._ZN10FEHBatteryC2EN5FEHIO8FEHIOPinE
                0x00019aa8       0x24 Libraries\FEHBattery.o
                0x00019aa8                FEHBattery::FEHBattery(FEHIO::FEHIOPin)
                0x00019aa8                FEHBattery::FEHBattery(FEHIO::FEHIOPin)
 .text._Z41__static_initialization_and_destruction_0ii
                0x00019acc       0x34 Libraries\FEHBattery.o
 .text._GLOBAL__sub_I_Battery
                0x00019b00       0x14 Libraries\FEHBattery.o
 .text._ZN7FEHXBeeC2Ev
                0x00019b14       0x20 Drivers\FEHXBee.o
                0x00019b14                FEHXBee::FEHXBee()
                0x00019b14                FEHXBee::FEHXBee()
 .text._ZN7FEHXBee10InitializeEv
                0x00019b34      0x148 Drivers\FEHXBee.o
                0x00019b34                FEHXBee::Initialize()
 .text._ZN7FEHXBee13IsInitializedEv
                0x00019c7c       0x18 Drivers\FEHXBee.o
                0x00019c7c                FEHXBee::IsInitialized()
 .text._ZN7FEHXBee17ReceiveDataSearchEPcjh
                0x00019c94       0xb4 Drivers\FEHXBee.o
                0x00019c94                FEHXBee::ReceiveDataSearch(char*, unsigned int, unsigned char)
 .text._ZN7FEHXBee8SendDataEPcj
                0x00019d48       0x50 Drivers\FEHXBee.o
                0x00019d48                FEHXBee::SendData(char*, unsigned int)
 .text._ZN7FEHXBee17SetPacketCallBackEPFvPhhE
                0x00019d98       0x20 Drivers\FEHXBee.o
                0x00019d98                FEHXBee::SetPacketCallBack(void (*)(unsigned char*, unsigned char))
 .text._Z9UART0_ISRv
                0x00019db8      0x174 Drivers\FEHXBee.o
                0x00019db8                UART0_ISR()
 .text._ZN8FEHWONKAC2Ev
                0x00019f2c       0x88 Libraries\FEHWONKA.o
                0x00019f2c                FEHWONKA::FEHWONKA()
                0x00019f2c                FEHWONKA::FEHWONKA()
 .text._ZN8FEHWONKA14InitializeMenuEv
                0x00019fb4      0x1e8 Libraries\FEHWONKA.o
                0x00019fb4                FEHWONKA::InitializeMenu()
 .text._ZN8FEHWONKA10InitializeEi
                0x0001a19c      0x740 Libraries\FEHWONKA.o
                0x0001a19c                FEHWONKA::Initialize(int)
 .text._ZN8FEHWONKA10InitializeEc
                0x0001a8dc       0x4c Libraries\FEHWONKA.o
                0x0001a8dc                FEHWONKA::Initialize(char)
 .text._ZN8FEHWONKA6EnableEv
                0x0001a928       0x64 Libraries\FEHWONKA.o
                0x0001a928                FEHWONKA::Enable()
 .text._ZN8FEHWONKA7DisableEv
                0x0001a98c       0x2c Libraries\FEHWONKA.o
                0x0001a98c                FEHWONKA::Disable()
 .text._ZN8FEHWONKA19CurrentRegionLetterEv
                0x0001a9b8       0x20 Libraries\FEHWONKA.o
                0x0001a9b8                FEHWONKA::CurrentRegionLetter()
 .text._ZN8FEHWONKA4OvenEv
                0x0001a9d8       0x24 Libraries\FEHWONKA.o
                0x0001a9d8                FEHWONKA::Oven()
 .text._ZN8FEHWONKA11OvenPressedEv
                0x0001a9fc       0x28 Libraries\FEHWONKA.o
                0x0001a9fc                FEHWONKA::OvenPressed()
 .text._ZN8FEHWONKA13WaitForPacketEv
                0x0001aa24       0x78 Libraries\FEHWONKA.o
                0x0001aa24                FEHWONKA::WaitForPacket()
 .text._ZN8FEHWONKA1XEv
                0x0001aa9c       0x20 Libraries\FEHWONKA.o
                0x0001aa9c                FEHWONKA::X()
 .text._ZN8FEHWONKA1YEv
                0x0001aabc       0x20 Libraries\FEHWONKA.o
                0x0001aabc                FEHWONKA::Y()
 .text._ZN8FEHWONKA7HeadingEv
                0x0001aadc       0x20 Libraries\FEHWONKA.o
                0x0001aadc                FEHWONKA::Heading()
 .text._Z16WONKADataProcessPhh
                0x0001aafc      0x124 Libraries\FEHWONKA.o
                0x0001aafc                WONKADataProcess(unsigned char*, unsigned char)
 .text._Z41__static_initialization_and_destruction_0ii
                0x0001ac20       0x40 Libraries\FEHWONKA.o
 .text._GLOBAL__sub_I_WONKA
                0x0001ac60       0x14 Libraries\FEHWONKA.o
 .text.sprintf  0x0001ac74       0x1c R:\fehqt\Proteus/EWL/lib/armv7e-m\libc.a(sprintf.o)
                0x0001ac74                sprintf
 .text.__StringWrite
                0x0001ac90       0x28 R:\fehqt\Proteus/EWL/lib/armv7e-m\libc.a(vsnprintf.o)
                0x0001ac90                __StringWrite
 .text.vsnprintf
                0x0001acb8       0x34 R:\fehqt\Proteus/EWL/lib/armv7e-m\libc.a(vsnprintf.o)
                0x0001acb8                vsnprintf
 .text.exit     0x0001acec       0x38 R:\fehqt\Proteus/EWL/lib/armv7e-m\libc.a(exit.o)
                0x0001acec                exit
 .text.memcpy   0x0001ad24       0x12 R:\fehqt\Proteus/EWL/lib/armv7e-m\libc.a(memcpy.o)
                0x0001ad24                memcpy
 .text.memset   0x0001ad36        0xc R:\fehqt\Proteus/EWL/lib/armv7e-m\libc.a(memset.o)
                0x0001ad36                memset
 .text.long2str.isra.0
                0x0001ad42      0x196 R:\fehqt\Proteus/EWL/lib/armv7e-m\libc.a(printformat_.o)
 .text.__pformatter_
                0x0001aed8      0x3f8 R:\fehqt\Proteus/EWL/lib/armv7e-m\libc.a(printformat_.o)
                0x0001aed8                __pformatter_
 .text.__sformatter
                0x0001b2d0      0x74e R:\fehqt\Proteus/EWL/lib/armv7e-m\libc.a(scanformat_.o)
                0x0001b2d0                __sformatter
 *fill*         0x0001ba1e        0x2 00
 .text.isalpha  0x0001ba20       0x1c R:\fehqt\Proteus/EWL/lib/armv7e-m\libc.a(ctype_aeabi.o)
                0x0001ba20                isalpha
 .text.isspace  0x0001ba3c       0x1c R:\fehqt\Proteus/EWL/lib/armv7e-m\libc.a(ctype_aeabi.o)
                0x0001ba3c                isspace
 .text.toupper  0x0001ba58        0xc R:\fehqt\Proteus/EWL/lib/armv7e-m\libc.a(ctype_aeabi.o)
                0x0001ba58                toupper
 .text.__strtoul
                0x0001ba64      0x1dc R:\fehqt\Proteus/EWL/lib/armv7e-m\libc.a(__strtoul.o)
                0x0001ba64                __strtoul
 .text.__fill_mem
                0x0001bc40       0x76 R:\fehqt\Proteus/EWL/lib/armv7e-m\libc.a(__filll_mem.o)
                0x0001bc40                __fill_mem
 .text.memchr   0x0001bcb6       0x1a R:\fehqt\Proteus/EWL/lib/armv7e-m\libc.a(memchr.o)
                0x0001bcb6                memchr
 .text.strchr   0x0001bcd0       0x1c R:\fehqt\Proteus/EWL/lib/armv7e-m\libc.a(strchr.o)
                0x0001bcd0                strchr
 .text.strlen   0x0001bcec       0x10 R:\fehqt\Proteus/EWL/lib/armv7e-m\libc.a(strlen.o)
                0x0001bcec                strlen
 .text.__init_cpp
                0x0001bcfc       0x4c R:\fehqt\Proteus/EWL/lib/armv7e-m\librt.a(gcc_ctor_dtor.o)
                0x0001bcfc                __init_cpp
 .text.__fini_cpp
                0x0001bd48       0x34 R:\fehqt\Proteus/EWL/lib/armv7e-m\librt.a(gcc_ctor_dtor.o)
                0x0001bd48                __fini_cpp
 .text.__copy_rom_section
                0x0001bd7c       0x44 R:\fehqt\Proteus/EWL/lib/armv7e-m\librt.a(ROMCopy.o)
                0x0001bd7c                __copy_rom_section
 .text.__copy_rom_sections_to_ram
                0x0001bdc0       0x34 R:\fehqt\Proteus/EWL/lib/armv7e-m\librt.a(ROMCopy.o)
                0x0001bdc0                __copy_rom_sections_to_ram
 .text.__destroy_global_chain
                0x0001bdf4       0x1c R:\fehqt\Proteus/EWL/lib/armv7e-m\librt.a(__arm_eabi_init.o)
                0x0001bdf4                __destroy_global_chain
 .text.__cxa_atexit
                0x0001be10       0x38 R:\fehqt\Proteus/EWL/lib/armv7e-m\librt.a(__arm_eabi_init.o)
                0x0001be10                __cxa_atexit
 .text.__aeabi_atexit
                0x0001be48        0xa R:\fehqt\Proteus/EWL/lib/armv7e-m\librt.a(__arm_eabi_init.o)
                0x0001be48                __aeabi_atexit
 *fill*         0x0001be52        0x2 00
 .text.__init_registers
                0x0001be54       0x20 R:\fehqt\Proteus/EWL/lib/armv7e-m\librt.a(__arm_eabi_init.o)
                0x0001be54                __init_registers
 .text.__init_user
                0x0001be74        0x4 R:\fehqt\Proteus/EWL/lib/armv7e-m\librt.a(__arm_eabi_init.o)
                0x0001be74                __init_user
 .text._ZNSt9bad_allocD2Ev
                0x0001be78        0xc R:\fehqt\Proteus/EWL/lib/armv7e-m\librt.a(New.o)
                0x0001be78                std::bad_alloc::~bad_alloc()
                0x0001be78                std::bad_alloc::~bad_alloc()
 .text._ZNKSt9bad_alloc4whatEv
                0x0001be84        0x8 R:\fehqt\Proteus/EWL/lib/armv7e-m\librt.a(New.o)
                0x0001be84                std::bad_alloc::what() const
 .text._Znwj    0x0001be8c       0x4c R:\fehqt\Proteus/EWL/lib/armv7e-m\librt.a(New.o)
                0x0001be8c                operator new(unsigned int)
 .text._ZdlPv   0x0001bed8        0x8 R:\fehqt\Proteus/EWL/lib/armv7e-m\librt.a(New.o)
                0x0001bed8                operator delete(void*)
 .text._ZNSt9bad_allocD0Ev
                0x0001bee0       0x14 R:\fehqt\Proteus/EWL/lib/armv7e-m\librt.a(New.o)
                0x0001bee0                std::bad_alloc::~bad_alloc()
 .text._Znaj    0x0001bef4       0x14 R:\fehqt\Proteus/EWL/lib/armv7e-m\librt.a(New.o)
                0x0001bef4                operator new[](unsigned int)
 .text._ZNK10__cxxabiv117__class_type_info11__do_upcastEPKS0_PPv
                0x0001bf08       0x38 r:/fehqt/proteus/gcc/bin/../lib/gcc/arm-none-eabi/4.6.2/../../../../arm-none-eabi/lib/armv7e-m\libsupc++.a(class_type_info.o)
                0x0001bf08                __cxxabiv1::__class_type_info::__do_upcast(__cxxabiv1::__class_type_info const*, void**) const
 .text._ZNK10__cxxabiv117__class_type_info20__do_find_public_srcEiPKvPKS0_S2_
                0x0001bf40        0xc r:/fehqt/proteus/gcc/bin/../lib/gcc/arm-none-eabi/4.6.2/../../../../arm-none-eabi/lib/armv7e-m\libsupc++.a(class_type_info.o)
                0x0001bf40                __cxxabiv1::__class_type_info::__do_find_public_src(int, void const*, __cxxabiv1::__class_type_info const*, void const*) const
 .text._ZNK10__cxxabiv117__class_type_info11__do_upcastEPKS0_PKvRNS0_15__upcast_resultE
                0x0001bf4c       0x1c r:/fehqt/proteus/gcc/bin/../lib/gcc/arm-none-eabi/4.6.2/../../../../arm-none-eabi/lib/armv7e-m\libsupc++.a(class_type_info.o)
                0x0001bf4c                __cxxabiv1::__class_type_info::__do_upcast(__cxxabiv1::__class_type_info const*, void const*, __cxxabiv1::__class_type_info::__upcast_result&) const
 .text._ZN10__cxxabiv117__class_type_infoD2Ev
                0x0001bf68       0x14 r:/fehqt/proteus/gcc/bin/../lib/gcc/arm-none-eabi/4.6.2/../../../../arm-none-eabi/lib/armv7e-m\libsupc++.a(class_type_info.o)
                0x0001bf68                __cxxabiv1::__class_type_info::~__class_type_info()
                0x0001bf68                __cxxabiv1::__class_type_info::~__class_type_info()
 .text._ZN10__cxxabiv117__class_type_infoD0Ev
                0x0001bf7c       0x1c r:/fehqt/proteus/gcc/bin/../lib/gcc/arm-none-eabi/4.6.2/../../../../arm-none-eabi/lib/armv7e-m\libsupc++.a(class_type_info.o)
                0x0001bf7c                __cxxabiv1::__class_type_info::~__class_type_info()
 .text._ZNK10__cxxabiv117__class_type_info12__do_dyncastEiNS0_10__sub_kindEPKS0_PKvS3_S5_RNS0_16__dyncast_resultE
                0x0001bf98       0x3c r:/fehqt/proteus/gcc/bin/../lib/gcc/arm-none-eabi/4.6.2/../../../../arm-none-eabi/lib/armv7e-m\libsupc++.a(class_type_info.o)
                0x0001bf98                __cxxabiv1::__class_type_info::__do_dyncast(int, __cxxabiv1::__class_type_info::__sub_kind, __cxxabiv1::__class_type_info const*, void const*, __cxxabiv1::__class_type_info const*, void const*, __cxxabiv1::__class_type_info::__dyncast_result&) const
 .text._ZNK10__cxxabiv117__class_type_info10__do_catchEPKSt9type_infoPPvj
                0x0001bfd4       0x28 r:/fehqt/proteus/gcc/bin/../lib/gcc/arm-none-eabi/4.6.2/../../../../arm-none-eabi/lib/armv7e-m\libsupc++.a(class_type_info.o)
                0x0001bfd4                __cxxabiv1::__class_type_info::__do_catch(std::type_info const*, void**, unsigned int) const
 .text.__cxa_allocate_exception
                0x0001bffc       0x70 r:/fehqt/proteus/gcc/bin/../lib/gcc/arm-none-eabi/4.6.2/../../../../arm-none-eabi/lib/armv7e-m\libsupc++.a(eh_alloc.o)
                0x0001bffc                __cxa_allocate_exception
 .text.__cxa_free_exception
                0x0001c06c       0x34 r:/fehqt/proteus/gcc/bin/../lib/gcc/arm-none-eabi/4.6.2/../../../../arm-none-eabi/lib/armv7e-m\libsupc++.a(eh_alloc.o)
                0x0001c06c                __cxa_free_exception
 .text.__cxa_end_cleanup
                0x0001c0a0        0xc r:/fehqt/proteus/gcc/bin/../lib/gcc/arm-none-eabi/4.6.2/../../../../arm-none-eabi/lib/armv7e-m\libsupc++.a(eh_arm.o)
                0x0001c0a0                __cxa_end_cleanup
 .text.__cxa_type_match
                0x0001c0ac       0xec r:/fehqt/proteus/gcc/bin/../lib/gcc/arm-none-eabi/4.6.2/../../../../arm-none-eabi/lib/armv7e-m\libsupc++.a(eh_arm.o)
                0x0001c0ac                __cxa_type_match
 .text.__cxa_begin_cleanup
                0x0001c198       0x78 r:/fehqt/proteus/gcc/bin/../lib/gcc/arm-none-eabi/4.6.2/../../../../arm-none-eabi/lib/armv7e-m\libsupc++.a(eh_arm.o)
                0x0001c198                __cxa_begin_cleanup
 .text.__gnu_end_cleanup
                0x0001c210       0x7c r:/fehqt/proteus/gcc/bin/../lib/gcc/arm-none-eabi/4.6.2/../../../../arm-none-eabi/lib/armv7e-m\libsupc++.a(eh_arm.o)
                0x0001c210                __gnu_end_cleanup
 .text.__cxa_bad_typeid
                0x0001c28c       0x24 r:/fehqt/proteus/gcc/bin/../lib/gcc/arm-none-eabi/4.6.2/../../../../arm-none-eabi/lib/armv7e-m\libsupc++.a(eh_aux_runtime.o)
                0x0001c28c                __cxa_bad_typeid
 .text.__cxa_call_terminate
                0x0001c2b0       0x50 r:/fehqt/proteus/gcc/bin/../lib/gcc/arm-none-eabi/4.6.2/../../../../arm-none-eabi/lib/armv7e-m\libsupc++.a(eh_call.o)
                0x0001c2b0                __cxa_call_terminate
 .text.__cxa_call_unexpected
                0x0001c300      0x120 r:/fehqt/proteus/gcc/bin/../lib/gcc/arm-none-eabi/4.6.2/../../../../arm-none-eabi/lib/armv7e-m\libsupc++.a(eh_call.o)
                0x0001c300                __cxa_call_unexpected
 .text.__cxa_begin_catch
                0x0001c420       0x98 r:/fehqt/proteus/gcc/bin/../lib/gcc/arm-none-eabi/4.6.2/../../../../arm-none-eabi/lib/armv7e-m\libsupc++.a(eh_catch.o)
                0x0001c420                __cxa_begin_catch
 .text.__cxa_end_catch
                0x0001c4b8       0x98 r:/fehqt/proteus/gcc/bin/../lib/gcc/arm-none-eabi/4.6.2/../../../../arm-none-eabi/lib/armv7e-m\libsupc++.a(eh_catch.o)
                0x0001c4b8                __cxa_end_catch
 .text._ZNSt9exceptionD2Ev
                0x0001c550        0xc r:/fehqt/proteus/gcc/bin/../lib/gcc/arm-none-eabi/4.6.2/../../../../arm-none-eabi/lib/armv7e-m\libsupc++.a(eh_exception.o)
                0x0001c550                std::exception::~exception()
                0x0001c550                std::exception::~exception()
 .text._ZNSt13bad_exceptionD2Ev
                0x0001c55c        0xc r:/fehqt/proteus/gcc/bin/../lib/gcc/arm-none-eabi/4.6.2/../../../../arm-none-eabi/lib/armv7e-m\libsupc++.a(eh_exception.o)
                0x0001c55c                std::bad_exception::~bad_exception()
                0x0001c55c                std::bad_exception::~bad_exception()
 .text._ZNKSt9exception4whatEv
                0x0001c568        0xc r:/fehqt/proteus/gcc/bin/../lib/gcc/arm-none-eabi/4.6.2/../../../../arm-none-eabi/lib/armv7e-m\libsupc++.a(eh_exception.o)
                0x0001c568                std::exception::what() const
 .text._ZNKSt13bad_exception4whatEv
                0x0001c574        0xc r:/fehqt/proteus/gcc/bin/../lib/gcc/arm-none-eabi/4.6.2/../../../../arm-none-eabi/lib/armv7e-m\libsupc++.a(eh_exception.o)
                0x0001c574                std::bad_exception::what() const
 .text._ZNSt13bad_exceptionD0Ev
                0x0001c580       0x14 r:/fehqt/proteus/gcc/bin/../lib/gcc/arm-none-eabi/4.6.2/../../../../arm-none-eabi/lib/armv7e-m\libsupc++.a(eh_exception.o)
                0x0001c580                std::bad_exception::~bad_exception()
 .text._ZNSt9exceptionD0Ev
                0x0001c594       0x14 r:/fehqt/proteus/gcc/bin/../lib/gcc/arm-none-eabi/4.6.2/../../../../arm-none-eabi/lib/armv7e-m\libsupc++.a(eh_exception.o)
                0x0001c594                std::exception::~exception()
 .text.__cxa_get_globals_fast
                0x0001c5a8        0xc r:/fehqt/proteus/gcc/bin/../lib/gcc/arm-none-eabi/4.6.2/../../../../arm-none-eabi/lib/armv7e-m\libsupc++.a(eh_globals.o)
                0x0001c5a8                __cxa_get_globals_fast
 .text.__cxa_get_globals
                0x0001c5b4        0xc r:/fehqt/proteus/gcc/bin/../lib/gcc/arm-none-eabi/4.6.2/../../../../arm-none-eabi/lib/armv7e-m\libsupc++.a(eh_globals.o)
                0x0001c5b4                __cxa_get_globals
 .text._ZL12read_sleb128PKhPl
                0x0001c5c0       0x3c r:/fehqt/proteus/gcc/bin/../lib/gcc/arm-none-eabi/4.6.2/../../../../arm-none-eabi/lib/armv7e-m\libsupc++.a(eh_personality.o)
 .text._ZL28read_encoded_value_with_basehjPKhPj
                0x0001c5fc       0xa4 r:/fehqt/proteus/gcc/bin/../lib/gcc/arm-none-eabi/4.6.2/../../../../arm-none-eabi/lib/armv7e-m\libsupc++.a(eh_personality.o)
 .text._ZL21base_of_encoded_valuehP15_Unwind_Context
                0x0001c6a0       0x4c r:/fehqt/proteus/gcc/bin/../lib/gcc/arm-none-eabi/4.6.2/../../../../arm-none-eabi/lib/armv7e-m\libsupc++.a(eh_personality.o)
 .text._ZL17parse_lsda_headerP15_Unwind_ContextPKhP16lsda_header_info.constprop.1
                0x0001c6ec       0x90 r:/fehqt/proteus/gcc/bin/../lib/gcc/arm-none-eabi/4.6.2/../../../../arm-none-eabi/lib/armv7e-m\libsupc++.a(eh_personality.o)
 .text.__gxx_personality_v0
                0x0001c77c      0x3bc r:/fehqt/proteus/gcc/bin/../lib/gcc/arm-none-eabi/4.6.2/../../../../arm-none-eabi/lib/armv7e-m\libsupc++.a(eh_personality.o)
                0x0001c77c                __gxx_personality_v0
 .text._ZN10__cxxabiv111__terminateEPFvvE
                0x0001cb38       0x28 r:/fehqt/proteus/gcc/bin/../lib/gcc/arm-none-eabi/4.6.2/../../../../arm-none-eabi/lib/armv7e-m\libsupc++.a(eh_terminate.o)
                0x0001cb38                __cxxabiv1::__terminate(void (*)())
 .text._ZSt9terminatev
                0x0001cb60       0x10 r:/fehqt/proteus/gcc/bin/../lib/gcc/arm-none-eabi/4.6.2/../../../../arm-none-eabi/lib/armv7e-m\libsupc++.a(eh_terminate.o)
                0x0001cb60                std::terminate()
 .text._ZN10__cxxabiv112__unexpectedEPFvvE
                0x0001cb70        0x8 r:/fehqt/proteus/gcc/bin/../lib/gcc/arm-none-eabi/4.6.2/../../../../arm-none-eabi/lib/armv7e-m\libsupc++.a(eh_terminate.o)
                0x0001cb70                __cxxabiv1::__unexpected(void (*)())
 .text._ZSt10unexpectedv
                0x0001cb78       0x14 r:/fehqt/proteus/gcc/bin/../lib/gcc/arm-none-eabi/4.6.2/../../../../arm-none-eabi/lib/armv7e-m\libsupc++.a(eh_terminate.o)
                0x0001cb78                std::unexpected()
 .text._ZL23__gxx_exception_cleanup19_Unwind_Reason_CodeP21_Unwind_Control_Block
                0x0001cb8c       0x4c r:/fehqt/proteus/gcc/bin/../lib/gcc/arm-none-eabi/4.6.2/../../../../arm-none-eabi/lib/armv7e-m\libsupc++.a(eh_throw.o)
 .text.__cxa_throw
                0x0001cbd8       0x80 r:/fehqt/proteus/gcc/bin/../lib/gcc/arm-none-eabi/4.6.2/../../../../arm-none-eabi/lib/armv7e-m\libsupc++.a(eh_throw.o)
                0x0001cbd8                __cxa_throw
 .text.__cxa_rethrow
                0x0001cc58       0x78 r:/fehqt/proteus/gcc/bin/../lib/gcc/arm-none-eabi/4.6.2/../../../../arm-none-eabi/lib/armv7e-m\libsupc++.a(eh_throw.o)
                0x0001cc58                __cxa_rethrow
 .text._ZN10__cxxabiv123__fundamental_type_infoD2Ev
                0x0001ccd0       0x14 r:/fehqt/proteus/gcc/bin/../lib/gcc/arm-none-eabi/4.6.2/../../../../arm-none-eabi/lib/armv7e-m\libsupc++.a(fundamental_type_info.o)
                0x0001ccd0                __cxxabiv1::__fundamental_type_info::~__fundamental_type_info()
                0x0001ccd0                __cxxabiv1::__fundamental_type_info::~__fundamental_type_info()
 .text._ZN10__cxxabiv123__fundamental_type_infoD0Ev
                0x0001cce4       0x1c r:/fehqt/proteus/gcc/bin/../lib/gcc/arm-none-eabi/4.6.2/../../../../arm-none-eabi/lib/armv7e-m\libsupc++.a(fundamental_type_info.o)
                0x0001cce4                __cxxabiv1::__fundamental_type_info::~__fundamental_type_info()
 .text._ZNK10__cxxabiv119__pointer_type_info14__is_pointer_pEv
                0x0001cd00        0x4 r:/fehqt/proteus/gcc/bin/../lib/gcc/arm-none-eabi/4.6.2/../../../../arm-none-eabi/lib/armv7e-m\libsupc++.a(pointer_type_info.o)
                0x0001cd00                __cxxabiv1::__pointer_type_info::__is_pointer_p() const
 .text._ZN10__cxxabiv119__pointer_type_infoD2Ev
                0x0001cd04       0x14 r:/fehqt/proteus/gcc/bin/../lib/gcc/arm-none-eabi/4.6.2/../../../../arm-none-eabi/lib/armv7e-m\libsupc++.a(pointer_type_info.o)
                0x0001cd04                __cxxabiv1::__pointer_type_info::~__pointer_type_info()
                0x0001cd04                __cxxabiv1::__pointer_type_info::~__pointer_type_info()
 .text._ZN10__cxxabiv119__pointer_type_infoD0Ev
                0x0001cd18       0x1c r:/fehqt/proteus/gcc/bin/../lib/gcc/arm-none-eabi/4.6.2/../../../../arm-none-eabi/lib/armv7e-m\libsupc++.a(pointer_type_info.o)
                0x0001cd18                __cxxabiv1::__pointer_type_info::~__pointer_type_info()
 .text._ZNK10__cxxabiv119__pointer_type_info15__pointer_catchEPKNS_17__pbase_type_infoEPPvj
                0x0001cd34       0x44 r:/fehqt/proteus/gcc/bin/../lib/gcc/arm-none-eabi/4.6.2/../../../../arm-none-eabi/lib/armv7e-m\libsupc++.a(pointer_type_info.o)
                0x0001cd34                __cxxabiv1::__pointer_type_info::__pointer_catch(__cxxabiv1::__pbase_type_info const*, void**, unsigned int) const
 .text._ZN10__cxxabiv120__si_class_type_infoD2Ev
                0x0001cd78       0x14 r:/fehqt/proteus/gcc/bin/../lib/gcc/arm-none-eabi/4.6.2/../../../../arm-none-eabi/lib/armv7e-m\libsupc++.a(si_class_type_info.o)
                0x0001cd78                __cxxabiv1::__si_class_type_info::~__si_class_type_info()
                0x0001cd78                __cxxabiv1::__si_class_type_info::~__si_class_type_info()
 .text._ZN10__cxxabiv120__si_class_type_infoD0Ev
                0x0001cd8c       0x1c r:/fehqt/proteus/gcc/bin/../lib/gcc/arm-none-eabi/4.6.2/../../../../arm-none-eabi/lib/armv7e-m\libsupc++.a(si_class_type_info.o)
                0x0001cd8c                __cxxabiv1::__si_class_type_info::~__si_class_type_info()
 .text._ZNK10__cxxabiv120__si_class_type_info11__do_upcastEPKNS_17__class_type_infoEPKvRNS1_15__upcast_resultE
                0x0001cda8       0x24 r:/fehqt/proteus/gcc/bin/../lib/gcc/arm-none-eabi/4.6.2/../../../../arm-none-eabi/lib/armv7e-m\libsupc++.a(si_class_type_info.o)
                0x0001cda8                __cxxabiv1::__si_class_type_info::__do_upcast(__cxxabiv1::__class_type_info const*, void const*, __cxxabiv1::__class_type_info::__upcast_result&) const
 .text._ZNK10__cxxabiv120__si_class_type_info12__do_dyncastEiNS_17__class_type_info10__sub_kindEPKS1_PKvS4_S6_RNS1_16__dyncast_resultE
                0x0001cdcc       0x94 r:/fehqt/proteus/gcc/bin/../lib/gcc/arm-none-eabi/4.6.2/../../../../arm-none-eabi/lib/armv7e-m\libsupc++.a(si_class_type_info.o)
                0x0001cdcc                __cxxabiv1::__si_class_type_info::__do_dyncast(int, __cxxabiv1::__class_type_info::__sub_kind, __cxxabiv1::__class_type_info const*, void const*, __cxxabiv1::__class_type_info const*, void const*, __cxxabiv1::__class_type_info::__dyncast_result&) const
 .text._ZNK10__cxxabiv120__si_class_type_info20__do_find_public_srcEiPKvPKNS_17__class_type_infoES2_
                0x0001ce60       0x34 r:/fehqt/proteus/gcc/bin/../lib/gcc/arm-none-eabi/4.6.2/../../../../arm-none-eabi/lib/armv7e-m\libsupc++.a(si_class_type_info.o)
                0x0001ce60                __cxxabiv1::__si_class_type_info::__do_find_public_src(int, void const*, __cxxabiv1::__class_type_info const*, void const*) const
 .text._ZNSt9type_infoD2Ev
                0x0001ce94        0xc r:/fehqt/proteus/gcc/bin/../lib/gcc/arm-none-eabi/4.6.2/../../../../arm-none-eabi/lib/armv7e-m\libsupc++.a(tinfo.o)
                0x0001ce94                std::type_info::~type_info()
                0x0001ce94                std::type_info::~type_info()
 .text._ZNKSt9type_info14__is_pointer_pEv
                0x0001cea0        0x4 r:/fehqt/proteus/gcc/bin/../lib/gcc/arm-none-eabi/4.6.2/../../../../arm-none-eabi/lib/armv7e-m\libsupc++.a(tinfo.o)
                0x0001cea0                std::type_info::__is_pointer_p() const
 .text._ZNKSt9type_info15__is_function_pEv
                0x0001cea4        0x4 r:/fehqt/proteus/gcc/bin/../lib/gcc/arm-none-eabi/4.6.2/../../../../arm-none-eabi/lib/armv7e-m\libsupc++.a(tinfo.o)
                0x0001cea4                std::type_info::__is_function_p() const
 .text._ZNKSt9type_info11__do_upcastEPKN10__cxxabiv117__class_type_infoEPPv
                0x0001cea8        0x4 r:/fehqt/proteus/gcc/bin/../lib/gcc/arm-none-eabi/4.6.2/../../../../arm-none-eabi/lib/armv7e-m\libsupc++.a(tinfo.o)
                0x0001cea8                std::type_info::__do_upcast(__cxxabiv1::__class_type_info const*, void**) const
 .text._ZNSt9type_infoD0Ev
                0x0001ceac       0x14 r:/fehqt/proteus/gcc/bin/../lib/gcc/arm-none-eabi/4.6.2/../../../../arm-none-eabi/lib/armv7e-m\libsupc++.a(tinfo.o)
                0x0001ceac                std::type_info::~type_info()
 .text._ZNKSt9type_infoeqERKS_
                0x0001cec0       0x30 r:/fehqt/proteus/gcc/bin/../lib/gcc/arm-none-eabi/4.6.2/../../../../arm-none-eabi/lib/armv7e-m\libsupc++.a(tinfo.o)
                0x0001cec0                std::type_info::operator==(std::type_info const&) const
 .text._ZNKSt9type_info10__do_catchEPKS_PPvj
                0x0001cef0        0x4 r:/fehqt/proteus/gcc/bin/../lib/gcc/arm-none-eabi/4.6.2/../../../../arm-none-eabi/lib/armv7e-m\libsupc++.a(tinfo.o)
                0x0001cef0                std::type_info::__do_catch(std::type_info const*, void**, unsigned int) const
 .text._ZNKSt10bad_typeid4whatEv
                0x0001cef4        0xc r:/fehqt/proteus/gcc/bin/../lib/gcc/arm-none-eabi/4.6.2/../../../../arm-none-eabi/lib/armv7e-m\libsupc++.a(bad_typeid.o)
                0x0001cef4                std::bad_typeid::what() const
 .text._ZNSt10bad_typeidD2Ev
                0x0001cf00       0x14 r:/fehqt/proteus/gcc/bin/../lib/gcc/arm-none-eabi/4.6.2/../../../../arm-none-eabi/lib/armv7e-m\libsupc++.a(bad_typeid.o)
                0x0001cf00                std::bad_typeid::~bad_typeid()
                0x0001cf00                std::bad_typeid::~bad_typeid()
 .text._ZNSt10bad_typeidD0Ev
                0x0001cf14       0x1c r:/fehqt/proteus/gcc/bin/../lib/gcc/arm-none-eabi/4.6.2/../../../../arm-none-eabi/lib/armv7e-m\libsupc++.a(bad_typeid.o)
                0x0001cf14                std::bad_typeid::~bad_typeid()
 .text._ZNK10__cxxabiv117__pbase_type_info15__pointer_catchEPKS0_PPvj
                0x0001cf30       0x10 r:/fehqt/proteus/gcc/bin/../lib/gcc/arm-none-eabi/4.6.2/../../../../arm-none-eabi/lib/armv7e-m\libsupc++.a(pbase_type_info.o)
                0x0001cf30                __cxxabiv1::__pbase_type_info::__pointer_catch(__cxxabiv1::__pbase_type_info const*, void**, unsigned int) const
 .text._ZN10__cxxabiv117__pbase_type_infoD2Ev
                0x0001cf40       0x14 r:/fehqt/proteus/gcc/bin/../lib/gcc/arm-none-eabi/4.6.2/../../../../arm-none-eabi/lib/armv7e-m\libsupc++.a(pbase_type_info.o)
                0x0001cf40                __cxxabiv1::__pbase_type_info::~__pbase_type_info()
                0x0001cf40                __cxxabiv1::__pbase_type_info::~__pbase_type_info()
 .text._ZN10__cxxabiv117__pbase_type_infoD0Ev
                0x0001cf54       0x1c r:/fehqt/proteus/gcc/bin/../lib/gcc/arm-none-eabi/4.6.2/../../../../arm-none-eabi/lib/armv7e-m\libsupc++.a(pbase_type_info.o)
                0x0001cf54                __cxxabiv1::__pbase_type_info::~__pbase_type_info()
 .text._ZNK10__cxxabiv117__pbase_type_info10__do_catchEPKSt9type_infoPPvj
                0x0001cf70       0x68 r:/fehqt/proteus/gcc/bin/../lib/gcc/arm-none-eabi/4.6.2/../../../../arm-none-eabi/lib/armv7e-m\libsupc++.a(pbase_type_info.o)
                0x0001cf70                __cxxabiv1::__pbase_type_info::__do_catch(std::type_info const*, void**, unsigned int) const
 .text.abort    0x0001cfd8       0x24 R:\fehqt\Proteus/EWL/lib/armv7e-m\libc.a(abort.o)
                0x0001cfd8                abort
 .text.sbrk     0x0001cffc       0x28 R:\fehqt\Proteus/EWL/lib/armv7e-m\libc.a(alloc.o)
                0x0001cffc                sbrk
 .text.malloc   0x0001d024      0x110 R:\fehqt\Proteus/EWL/lib/armv7e-m\libc.a(alloc.o)
                0x0001d024                malloc
 .text.free     0x0001d134       0x10 R:\fehqt\Proteus/EWL/lib/armv7e-m\libc.a(alloc.o)
                0x0001d134                free
 .text.strcmp   0x0001d144       0x18 R:\fehqt\Proteus/EWL/lib/armv7e-m\libc.a(strcmp.o)
                0x0001d144                strcmp
 .text.raise    0x0001d15c       0x3c R:\fehqt\Proteus/EWL/lib/armv7e-m\libc.a(raise.o)
                0x0001d15c                raise
 *(.rodata)
 .rodata        0x0001d198      0x450 ..\main.o
 .rodata        0x0001d5e8       0xe8 ..\drive/drive.o
 .rodata        0x0001d6d0       0x30 ..\classes/menu.o
 .rodata        0x0001d700      0x1b8 ..\setup/menuSetup1.o
 .rodata        0x0001d8b8       0x88 ..\other.o
 .rodata        0x0001d940       0x20 ..\drive/4_driveGeneral.o
 .rodata        0x0001d960       0x74 Libraries\FEHServo.o
 .rodata        0x0001d9d4       0x34 Libraries\FEHLCD.o
 .rodata        0x0001da08      0x16c Libraries\FEHWONKA.o
 *(.rodata*)
 .rodata._ZL9GPIOPorts
                0x0001db74       0x20 Libraries\FEHIO.o
 .rodata._ZL10ADCNumbers
                0x0001db94       0x24 Libraries\FEHIO.o
 .rodata._ZL14GPIOPinNumbers
                0x0001dbb8       0x80 Libraries\FEHIO.o
 .rodata._ZL16AnalogPinNumbers
                0x0001dc38       0x84 Libraries\FEHIO.o
 .rodata.str1.1
                0x00000000        0x0 R:\fehqt\Proteus/EWL/lib/armv7e-m\libc.a(printformat_.o)
                                  0x1 (size before relaxing)
 .rodata.__aeabi_ctype_table_C
                0x0001dcbc      0x101 R:\fehqt\Proteus/EWL/lib/armv7e-m\libc.a(ctype_aeabi.o)
                0x0001dcbc                __aeabi_ctype_table_C
 *fill*         0x0001ddbd        0x3 00
 .rodata._ZTVSt9bad_alloc
                0x0001ddc0       0x18 R:\fehqt\Proteus/EWL/lib/armv7e-m\librt.a(New.o)
                0x0001ddc0                vtable for std::bad_alloc
 .rodata._ZTISt9bad_alloc
                0x0001ddd8        0xc R:\fehqt\Proteus/EWL/lib/armv7e-m\librt.a(New.o)
                0x0001ddd8                typeinfo for std::bad_alloc
 .rodata._ZTSSt9bad_alloc
                0x0001dde4        0xd R:\fehqt\Proteus/EWL/lib/armv7e-m\librt.a(New.o)
                0x0001dde4                typeinfo name for std::bad_alloc
 .rodata.str1.1
                0x0001ddf1       0x14 R:\fehqt\Proteus/EWL/lib/armv7e-m\librt.a(New.o)
 *fill*         0x0001de05        0x3 00
 .rodata._ZTVN10__cxxabiv117__class_type_infoE
                0x0001de08       0x30 r:/fehqt/proteus/gcc/bin/../lib/gcc/arm-none-eabi/4.6.2/../../../../arm-none-eabi/lib/armv7e-m\libsupc++.a(class_type_info.o)
                0x0001de08                vtable for __cxxabiv1::__class_type_info
 .rodata._ZTIN10__cxxabiv117__class_type_infoE
                0x0001de38        0xc r:/fehqt/proteus/gcc/bin/../lib/gcc/arm-none-eabi/4.6.2/../../../../arm-none-eabi/lib/armv7e-m\libsupc++.a(class_type_info.o)
                0x0001de38                typeinfo for __cxxabiv1::__class_type_info
 .rodata._ZTSN10__cxxabiv117__class_type_infoE
                0x0001de44       0x24 r:/fehqt/proteus/gcc/bin/../lib/gcc/arm-none-eabi/4.6.2/../../../../arm-none-eabi/lib/armv7e-m\libsupc++.a(class_type_info.o)
                0x0001de44                typeinfo name for __cxxabiv1::__class_type_info
 .rodata._ZTVSt9exception
                0x0001de68       0x18 r:/fehqt/proteus/gcc/bin/../lib/gcc/arm-none-eabi/4.6.2/../../../../arm-none-eabi/lib/armv7e-m\libsupc++.a(eh_exception.o)
                0x0001de68                vtable for std::exception
 .rodata._ZTIN10__cxxabiv115__forced_unwindE
                0x0001de80        0x8 r:/fehqt/proteus/gcc/bin/../lib/gcc/arm-none-eabi/4.6.2/../../../../arm-none-eabi/lib/armv7e-m\libsupc++.a(eh_exception.o)
                0x0001de80                typeinfo for __cxxabiv1::__forced_unwind
 .rodata._ZTISt9exception
                0x0001de88        0x8 r:/fehqt/proteus/gcc/bin/../lib/gcc/arm-none-eabi/4.6.2/../../../../arm-none-eabi/lib/armv7e-m\libsupc++.a(eh_exception.o)
                0x0001de88                typeinfo for std::exception
 .rodata._ZTSSt13bad_exception
                0x0001de90       0x14 r:/fehqt/proteus/gcc/bin/../lib/gcc/arm-none-eabi/4.6.2/../../../../arm-none-eabi/lib/armv7e-m\libsupc++.a(eh_exception.o)
                0x0001de90                typeinfo name for std::bad_exception
 .rodata.str1.4
                0x0001dea4       0x23 r:/fehqt/proteus/gcc/bin/../lib/gcc/arm-none-eabi/4.6.2/../../../../arm-none-eabi/lib/armv7e-m\libsupc++.a(eh_exception.o)
                                 0x24 (size before relaxing)
 *fill*         0x0001dec7        0x1 00
 .rodata._ZTSN10__cxxabiv119__foreign_exceptionE
                0x0001dec8       0x24 r:/fehqt/proteus/gcc/bin/../lib/gcc/arm-none-eabi/4.6.2/../../../../arm-none-eabi/lib/armv7e-m\libsupc++.a(eh_exception.o)
                0x0001dec8                typeinfo name for __cxxabiv1::__foreign_exception
 .rodata._ZTIN10__cxxabiv119__foreign_exceptionE
                0x0001deec        0x8 r:/fehqt/proteus/gcc/bin/../lib/gcc/arm-none-eabi/4.6.2/../../../../arm-none-eabi/lib/armv7e-m\libsupc++.a(eh_exception.o)
                0x0001deec                typeinfo for __cxxabiv1::__foreign_exception
 *fill*         0x0001def4        0x4 00
 .rodata._ZTVSt13bad_exception
                0x0001def8       0x18 r:/fehqt/proteus/gcc/bin/../lib/gcc/arm-none-eabi/4.6.2/../../../../arm-none-eabi/lib/armv7e-m\libsupc++.a(eh_exception.o)
                0x0001def8                vtable for std::bad_exception
 .rodata._ZTSSt9exception
                0x0001df10       0x10 r:/fehqt/proteus/gcc/bin/../lib/gcc/arm-none-eabi/4.6.2/../../../../arm-none-eabi/lib/armv7e-m\libsupc++.a(eh_exception.o)
                0x0001df10                typeinfo name for std::exception
 .rodata._ZTSN10__cxxabiv115__forced_unwindE
                0x0001df20       0x20 r:/fehqt/proteus/gcc/bin/../lib/gcc/arm-none-eabi/4.6.2/../../../../arm-none-eabi/lib/armv7e-m\libsupc++.a(eh_exception.o)
                0x0001df20                typeinfo name for __cxxabiv1::__forced_unwind
 .rodata._ZTISt13bad_exception
                0x0001df40        0xc r:/fehqt/proteus/gcc/bin/../lib/gcc/arm-none-eabi/4.6.2/../../../../arm-none-eabi/lib/armv7e-m\libsupc++.a(eh_exception.o)
                0x0001df40                typeinfo for std::bad_exception
 .rodata._ZTIPv
                0x0001df4c       0x10 r:/fehqt/proteus/gcc/bin/../lib/gcc/arm-none-eabi/4.6.2/../../../../arm-none-eabi/lib/armv7e-m\libsupc++.a(fundamental_type_info.o)
                0x0001df4c                typeinfo for void*
 .rodata._ZTIv  0x0001df5c        0x8 r:/fehqt/proteus/gcc/bin/../lib/gcc/arm-none-eabi/4.6.2/../../../../arm-none-eabi/lib/armv7e-m\libsupc++.a(fundamental_type_info.o)
                0x0001df5c                typeinfo for void
 .rodata._ZTSPv
                0x0001df64        0x4 r:/fehqt/proteus/gcc/bin/../lib/gcc/arm-none-eabi/4.6.2/../../../../arm-none-eabi/lib/armv7e-m\libsupc++.a(fundamental_type_info.o)
                0x0001df64                typeinfo name for void*
 .rodata._ZTSv  0x0001df68        0x4 r:/fehqt/proteus/gcc/bin/../lib/gcc/arm-none-eabi/4.6.2/../../../../arm-none-eabi/lib/armv7e-m\libsupc++.a(fundamental_type_info.o)
                0x0001df68                typeinfo name for void
 .rodata._ZTIN10__cxxabiv123__fundamental_type_infoE
                0x0001df6c        0xc r:/fehqt/proteus/gcc/bin/../lib/gcc/arm-none-eabi/4.6.2/../../../../arm-none-eabi/lib/armv7e-m\libsupc++.a(fundamental_type_info.o)
                0x0001df6c                typeinfo for __cxxabiv1::__fundamental_type_info
 .rodata._ZTSN10__cxxabiv123__fundamental_type_infoE
                0x0001df78       0x28 r:/fehqt/proteus/gcc/bin/../lib/gcc/arm-none-eabi/4.6.2/../../../../arm-none-eabi/lib/armv7e-m\libsupc++.a(fundamental_type_info.o)
                0x0001df78                typeinfo name for __cxxabiv1::__fundamental_type_info
 .rodata._ZTVN10__cxxabiv123__fundamental_type_infoE
                0x0001dfa0       0x20 r:/fehqt/proteus/gcc/bin/../lib/gcc/arm-none-eabi/4.6.2/../../../../arm-none-eabi/lib/armv7e-m\libsupc++.a(fundamental_type_info.o)
                0x0001dfa0                vtable for __cxxabiv1::__fundamental_type_info
 .rodata._ZTSN10__cxxabiv119__pointer_type_infoE
                0x0001dfc0       0x24 r:/fehqt/proteus/gcc/bin/../lib/gcc/arm-none-eabi/4.6.2/../../../../arm-none-eabi/lib/armv7e-m\libsupc++.a(pointer_type_info.o)
                0x0001dfc0                typeinfo name for __cxxabiv1::__pointer_type_info
 .rodata._ZTIN10__cxxabiv119__pointer_type_infoE
                0x0001dfe4        0xc r:/fehqt/proteus/gcc/bin/../lib/gcc/arm-none-eabi/4.6.2/../../../../arm-none-eabi/lib/armv7e-m\libsupc++.a(pointer_type_info.o)
                0x0001dfe4                typeinfo for __cxxabiv1::__pointer_type_info
 .rodata._ZTVN10__cxxabiv119__pointer_type_infoE
                0x0001dff0       0x28 r:/fehqt/proteus/gcc/bin/../lib/gcc/arm-none-eabi/4.6.2/../../../../arm-none-eabi/lib/armv7e-m\libsupc++.a(pointer_type_info.o)
                0x0001dff0                vtable for __cxxabiv1::__pointer_type_info
 .rodata._ZTVN10__cxxabiv120__si_class_type_infoE
                0x0001e018       0x30 r:/fehqt/proteus/gcc/bin/../lib/gcc/arm-none-eabi/4.6.2/../../../../arm-none-eabi/lib/armv7e-m\libsupc++.a(si_class_type_info.o)
                0x0001e018                vtable for __cxxabiv1::__si_class_type_info
 .rodata._ZTIN10__cxxabiv120__si_class_type_infoE
                0x0001e048        0xc r:/fehqt/proteus/gcc/bin/../lib/gcc/arm-none-eabi/4.6.2/../../../../arm-none-eabi/lib/armv7e-m\libsupc++.a(si_class_type_info.o)
                0x0001e048                typeinfo for __cxxabiv1::__si_class_type_info
 .rodata._ZTSN10__cxxabiv120__si_class_type_infoE
                0x0001e054       0x28 r:/fehqt/proteus/gcc/bin/../lib/gcc/arm-none-eabi/4.6.2/../../../../arm-none-eabi/lib/armv7e-m\libsupc++.a(si_class_type_info.o)
                0x0001e054                typeinfo name for __cxxabiv1::__si_class_type_info
 .rodata._ZTISt9type_info
                0x0001e07c        0x8 r:/fehqt/proteus/gcc/bin/../lib/gcc/arm-none-eabi/4.6.2/../../../../arm-none-eabi/lib/armv7e-m\libsupc++.a(tinfo.o)
                0x0001e07c                typeinfo for std::type_info
 .rodata._ZTSSt9type_info
                0x0001e084       0x10 r:/fehqt/proteus/gcc/bin/../lib/gcc/arm-none-eabi/4.6.2/../../../../arm-none-eabi/lib/armv7e-m\libsupc++.a(tinfo.o)
                0x0001e084                typeinfo name for std::type_info
 *fill*         0x0001e094        0x4 00
 .rodata._ZTVSt9type_info
                0x0001e098       0x20 r:/fehqt/proteus/gcc/bin/../lib/gcc/arm-none-eabi/4.6.2/../../../../arm-none-eabi/lib/armv7e-m\libsupc++.a(tinfo.o)
                0x0001e098                vtable for std::type_info
 .rodata._ZTVSt10bad_typeid
                0x0001e0b8       0x18 r:/fehqt/proteus/gcc/bin/../lib/gcc/arm-none-eabi/4.6.2/../../../../arm-none-eabi/lib/armv7e-m\libsupc++.a(bad_typeid.o)
                0x0001e0b8                vtable for std::bad_typeid
 .rodata._ZTISt10bad_typeid
                0x0001e0d0        0xc r:/fehqt/proteus/gcc/bin/../lib/gcc/arm-none-eabi/4.6.2/../../../../arm-none-eabi/lib/armv7e-m\libsupc++.a(bad_typeid.o)
                0x0001e0d0                typeinfo for std::bad_typeid
 .rodata.str1.4
                0x0001e0dc       0x10 r:/fehqt/proteus/gcc/bin/../lib/gcc/arm-none-eabi/4.6.2/../../../../arm-none-eabi/lib/armv7e-m\libsupc++.a(bad_typeid.o)
 .rodata._ZTSSt10bad_typeid
                0x0001e0ec       0x10 r:/fehqt/proteus/gcc/bin/../lib/gcc/arm-none-eabi/4.6.2/../../../../arm-none-eabi/lib/armv7e-m\libsupc++.a(bad_typeid.o)
                0x0001e0ec                typeinfo name for std::bad_typeid
 .rodata._ZTIN10__cxxabiv117__pbase_type_infoE
                0x0001e0fc        0xc r:/fehqt/proteus/gcc/bin/../lib/gcc/arm-none-eabi/4.6.2/../../../../arm-none-eabi/lib/armv7e-m\libsupc++.a(pbase_type_info.o)
                0x0001e0fc                typeinfo for __cxxabiv1::__pbase_type_info
 .rodata._ZTSN10__cxxabiv117__pbase_type_infoE
                0x0001e108       0x24 r:/fehqt/proteus/gcc/bin/../lib/gcc/arm-none-eabi/4.6.2/../../../../arm-none-eabi/lib/armv7e-m\libsupc++.a(pbase_type_info.o)
                0x0001e108                typeinfo name for __cxxabiv1::__pbase_type_info
 *fill*         0x0001e12c        0x4 00
 .rodata._ZTVN10__cxxabiv117__pbase_type_infoE
                0x0001e130       0x28 r:/fehqt/proteus/gcc/bin/../lib/gcc/arm-none-eabi/4.6.2/../../../../arm-none-eabi/lib/armv7e-m\libsupc++.a(pbase_type_info.o)
                0x0001e130                vtable for __cxxabiv1::__pbase_type_info
 *(.glue_7)
 .glue_7        0x00000000        0x0 linker stubs
 *(.glue_7t)
 .glue_7t       0x00000000        0x0 linker stubs
 *(.eh_frame)
 *(.init)
 *(.fini)
                0x0001e158                . = ALIGN (0x4)
                0x0001e158                _etext = .

.vfp11_veneer   0x0001e158        0x0
 .vfp11_veneer  0x00000000        0x0 linker stubs

.v4_bx          0x0001e158        0x0
 .v4_bx         0x00000000        0x0 linker stubs

.ARM.extab      0x0001e158      0x138
 *(.ARM.extab* .gnu.linkonce.armextab.*)
 .ARM.extab.text._ZNSt9bad_allocD2Ev
                0x0001e158        0x0 R:\fehqt\Proteus/EWL/lib/armv7e-m\librt.a(New.o)
 .ARM.extab.text._ZNKSt9bad_alloc4whatEv
                0x0001e158        0x0 R:\fehqt\Proteus/EWL/lib/armv7e-m\librt.a(New.o)
 .ARM.extab.text._Znwj
                0x0001e158       0x20 R:\fehqt\Proteus/EWL/lib/armv7e-m\librt.a(New.o)
 .ARM.extab.text._ZNSt9bad_allocD0Ev
                0x0001e178        0x0 R:\fehqt\Proteus/EWL/lib/armv7e-m\librt.a(New.o)
 .ARM.extab.text._Znaj
                0x0001e178       0x24 R:\fehqt\Proteus/EWL/lib/armv7e-m\librt.a(New.o)
 .ARM.extab.text.__cxa_bad_typeid
                0x0001e19c        0xc r:/fehqt/proteus/gcc/bin/../lib/gcc/arm-none-eabi/4.6.2/../../../../arm-none-eabi/lib/armv7e-m\libsupc++.a(eh_aux_runtime.o)
 .ARM.extab.text.__cxa_call_unexpected
                0x0001e1a8       0x28 r:/fehqt/proteus/gcc/bin/../lib/gcc/arm-none-eabi/4.6.2/../../../../arm-none-eabi/lib/armv7e-m\libsupc++.a(eh_call.o)
 .ARM.extab.text.__cxa_begin_catch
                0x0001e1d0       0x20 r:/fehqt/proteus/gcc/bin/../lib/gcc/arm-none-eabi/4.6.2/../../../../arm-none-eabi/lib/armv7e-m\libsupc++.a(eh_catch.o)
 .ARM.extab.text._ZL21base_of_encoded_valuehP15_Unwind_Context
                0x0001e1f0        0xc r:/fehqt/proteus/gcc/bin/../lib/gcc/arm-none-eabi/4.6.2/../../../../arm-none-eabi/lib/armv7e-m\libsupc++.a(eh_personality.o)
 .ARM.extab.text.__gxx_personality_v0
                0x0001e1fc       0x20 r:/fehqt/proteus/gcc/bin/../lib/gcc/arm-none-eabi/4.6.2/../../../../arm-none-eabi/lib/armv7e-m\libsupc++.a(eh_personality.o)
 .ARM.extab.text._ZN10__cxxabiv111__terminateEPFvvE
                0x0001e21c       0x2c r:/fehqt/proteus/gcc/bin/../lib/gcc/arm-none-eabi/4.6.2/../../../../arm-none-eabi/lib/armv7e-m\libsupc++.a(eh_terminate.o)
 .ARM.extab.text._ZN10__cxxabiv112__unexpectedEPFvvE
                0x0001e248        0xc r:/fehqt/proteus/gcc/bin/../lib/gcc/arm-none-eabi/4.6.2/../../../../arm-none-eabi/lib/armv7e-m\libsupc++.a(eh_terminate.o)
 .ARM.extab.text._ZSt10unexpectedv